../Core/Src/main.c:148:7:radians	16	static
../Core/Src/main.c:152:9:degrees	16	static
../Core/Src/main.c:156:8:map	24	static
../Core/Src/main.c:161:9:constrain	24	static
../Core/Src/main.c:176:9:abs	16	static
../Core/Src/main.c:186:8:BNO055_init	32	static
../Core/Src/main.c:200:9:normalise_angle	16	static
../Core/Src/main.c:212:8:get_angle	32	static
../Core/Src/main.c:266:8:get_value	16	static
../Core/Src/main.c:324:8:find_wheel_vel	32	static
../Core/Src/main.c:347:8:motor1	16	static
../Core/Src/main.c:363:8:motor2	16	static
../Core/Src/main.c:379:8:motor3	16	static
../Core/Src/main.c:394:8:PID	4	static
../Core/Src/main.c:409:8:rotate_motor	8	static
../Core/Src/main.c:418:8:rotate_motor2	8	static
../Core/Src/main.c:428:8:PID2	8	static
../Core/Src/main.c:450:5:main	128	static
../Core/Src/main.c:640:6:SystemClock_Config	88	static
../Core/Src/main.c:687:13:MX_I2C1_Init	8	static
../Core/Src/main.c:721:13:MX_I2C2_Init	8	static
../Core/Src/main.c:755:13:MX_TIM3_Init	64	static
../Core/Src/main.c:826:13:MX_TIM5_Init	32	static
../Core/Src/main.c:871:13:MX_TIM9_Init	56	static
../Core/Src/main.c:927:13:MX_USART2_UART_Init	8	static
../Core/Src/main.c:960:13:MX_GPIO_Init	24	static
../Core/Src/main.c:978:6:HAL_TIM_PeriodElapsedCallback	16	static
../Core/Src/main.c:999:6:Error_Handler	4	static,ignoring_inline_asm
