Archive member included to satisfy reference by file (symbol)

C:/ST/STM32CubeIDE_1.19.0/STM32CubeIDE/plugins/com.st.stm32cube.ide.mcu.externaltools.gnu-tools-for-stm32.13.3.rel1.win32_1.0.0.202411081344/tools/bin/../lib/gcc/arm-none-eabi/13.3.1/../../../../arm-none-eabi/lib/thumb/v7e-m+fp/hard\libc_nano.a(libc_a-exit.o)
                              C:/ST/STM32CubeIDE_1.19.0/STM32CubeIDE/plugins/com.st.stm32cube.ide.mcu.externaltools.gnu-tools-for-stm32.13.3.rel1.win32_1.0.0.202411081344/tools/bin/../lib/gcc/arm-none-eabi/13.3.1/../../../../arm-none-eabi/lib/thumb/v7e-m+fp/hard/crt0.o (exit)
C:/ST/STM32CubeIDE_1.19.0/STM32CubeIDE/plugins/com.st.stm32cube.ide.mcu.externaltools.gnu-tools-for-stm32.13.3.rel1.win32_1.0.0.202411081344/tools/bin/../lib/gcc/arm-none-eabi/13.3.1/../../../../arm-none-eabi/lib/thumb/v7e-m+fp/hard\libc_nano.a(libc_a-nano-vfprintf_float.o)
                              (_printf_float)
C:/ST/STM32CubeIDE_1.19.0/STM32CubeIDE/plugins/com.st.stm32cube.ide.mcu.externaltools.gnu-tools-for-stm32.13.3.rel1.win32_1.0.0.202411081344/tools/bin/../lib/gcc/arm-none-eabi/13.3.1/../../../../arm-none-eabi/lib/thumb/v7e-m+fp/hard\libc_nano.a(libc_a-nano-vfprintf_i.o)
                              C:/ST/STM32CubeIDE_1.19.0/STM32CubeIDE/plugins/com.st.stm32cube.ide.mcu.externaltools.gnu-tools-for-stm32.13.3.rel1.win32_1.0.0.202411081344/tools/bin/../lib/gcc/arm-none-eabi/13.3.1/../../../../arm-none-eabi/lib/thumb/v7e-m+fp/hard\libc_nano.a(libc_a-nano-vfprintf_float.o) (_printf_common)
C:/ST/STM32CubeIDE_1.19.0/STM32CubeIDE/plugins/com.st.stm32cube.ide.mcu.externaltools.gnu-tools-for-stm32.13.3.rel1.win32_1.0.0.202411081344/tools/bin/../lib/gcc/arm-none-eabi/13.3.1/../../../../arm-none-eabi/lib/thumb/v7e-m+fp/hard\libc_nano.a(libc_a-nano-vfscanf_float.o)
                              (_scanf_float)
C:/ST/STM32CubeIDE_1.19.0/STM32CubeIDE/plugins/com.st.stm32cube.ide.mcu.externaltools.gnu-tools-for-stm32.13.3.rel1.win32_1.0.0.202411081344/tools/bin/../lib/gcc/arm-none-eabi/13.3.1/../../../../arm-none-eabi/lib/thumb/v7e-m+fp/hard\libc_nano.a(libc_a-findfp.o)
                              C:/ST/STM32CubeIDE_1.19.0/STM32CubeIDE/plugins/com.st.stm32cube.ide.mcu.externaltools.gnu-tools-for-stm32.13.3.rel1.win32_1.0.0.202411081344/tools/bin/../lib/gcc/arm-none-eabi/13.3.1/../../../../arm-none-eabi/lib/thumb/v7e-m+fp/hard\libc_nano.a(libc_a-exit.o) (__stdio_exit_handler)
C:/ST/STM32CubeIDE_1.19.0/STM32CubeIDE/plugins/com.st.stm32cube.ide.mcu.externaltools.gnu-tools-for-stm32.13.3.rel1.win32_1.0.0.202411081344/tools/bin/../lib/gcc/arm-none-eabi/13.3.1/../../../../arm-none-eabi/lib/thumb/v7e-m+fp/hard\libc_nano.a(libc_a-fwalk.o)
                              C:/ST/STM32CubeIDE_1.19.0/STM32CubeIDE/plugins/com.st.stm32cube.ide.mcu.externaltools.gnu-tools-for-stm32.13.3.rel1.win32_1.0.0.202411081344/tools/bin/../lib/gcc/arm-none-eabi/13.3.1/../../../../arm-none-eabi/lib/thumb/v7e-m+fp/hard\libc_nano.a(libc_a-findfp.o) (_fwalk_sglue)
C:/ST/STM32CubeIDE_1.19.0/STM32CubeIDE/plugins/com.st.stm32cube.ide.mcu.externaltools.gnu-tools-for-stm32.13.3.rel1.win32_1.0.0.202411081344/tools/bin/../lib/gcc/arm-none-eabi/13.3.1/../../../../arm-none-eabi/lib/thumb/v7e-m+fp/hard\libc_nano.a(libc_a-sprintf.o)
                              ./Core/Src/main.o (sprintf)
C:/ST/STM32CubeIDE_1.19.0/STM32CubeIDE/plugins/com.st.stm32cube.ide.mcu.externaltools.gnu-tools-for-stm32.13.3.rel1.win32_1.0.0.202411081344/tools/bin/../lib/gcc/arm-none-eabi/13.3.1/../../../../arm-none-eabi/lib/thumb/v7e-m+fp/hard\libc_nano.a(libc_a-stdio.o)
                              C:/ST/STM32CubeIDE_1.19.0/STM32CubeIDE/plugins/com.st.stm32cube.ide.mcu.externaltools.gnu-tools-for-stm32.13.3.rel1.win32_1.0.0.202411081344/tools/bin/../lib/gcc/arm-none-eabi/13.3.1/../../../../arm-none-eabi/lib/thumb/v7e-m+fp/hard\libc_nano.a(libc_a-findfp.o) (__sread)
C:/ST/STM32CubeIDE_1.19.0/STM32CubeIDE/plugins/com.st.stm32cube.ide.mcu.externaltools.gnu-tools-for-stm32.13.3.rel1.win32_1.0.0.202411081344/tools/bin/../lib/gcc/arm-none-eabi/13.3.1/../../../../arm-none-eabi/lib/thumb/v7e-m+fp/hard\libc_nano.a(libc_a-memset.o)
                              C:/ST/STM32CubeIDE_1.19.0/STM32CubeIDE/plugins/com.st.stm32cube.ide.mcu.externaltools.gnu-tools-for-stm32.13.3.rel1.win32_1.0.0.202411081344/tools/bin/../lib/gcc/arm-none-eabi/13.3.1/../../../../arm-none-eabi/lib/thumb/v7e-m+fp/hard/crt0.o (memset)
C:/ST/STM32CubeIDE_1.19.0/STM32CubeIDE/plugins/com.st.stm32cube.ide.mcu.externaltools.gnu-tools-for-stm32.13.3.rel1.win32_1.0.0.202411081344/tools/bin/../lib/gcc/arm-none-eabi/13.3.1/../../../../arm-none-eabi/lib/thumb/v7e-m+fp/hard\libc_nano.a(libc_a-localeconv.o)
                              C:/ST/STM32CubeIDE_1.19.0/STM32CubeIDE/plugins/com.st.stm32cube.ide.mcu.externaltools.gnu-tools-for-stm32.13.3.rel1.win32_1.0.0.202411081344/tools/bin/../lib/gcc/arm-none-eabi/13.3.1/../../../../arm-none-eabi/lib/thumb/v7e-m+fp/hard\libc_nano.a(libc_a-nano-vfprintf_float.o) (_localeconv_r)
[...]
Memory Configuration

Name             Origin             Length             Attributes
CCMRAM           0x10000000         0x00010000         xrw
RAM              0x20000000         0x00020000         xrw
FLASH            0x08000000         0x00100000         xr
*default*        0x00000000         0xffffffff

Linker script and memory map

LOAD C:/ST/STM32CubeIDE_1.19.0/STM32CubeIDE/plugins/com.st.stm32cube.ide.mcu.externaltools.gnu-tools-for-stm32.13.3.rel1.win32_1.0.0.202411081344/tools/bin/../lib/gcc/arm-none-eabi/13.3.1/thumb/v7e-m+fp/hard/crti.o
LOAD C:/ST/STM32CubeIDE_1.19.0/STM32CubeIDE/plugins/com.st.stm32cube.ide.mcu.externaltools.gnu-tools-for-stm32.13.3.rel1.win32_1.0.0.202411081344/tools/bin/../lib/gcc/arm-none-eabi/13.3.1/thumb/v7e-m+fp/hard/crtbegin.o
LOAD C:/ST/STM32CubeIDE_1.19.0/STM32CubeIDE/plugins/com.st.stm32cube.ide.mcu.externaltools.gnu-tools-for-stm32.13.3.rel1.win32_1.0.0.202411081344/tools/bin/../lib/gcc/arm-none-eabi/13.3.1/../../../../arm-none-eabi/lib/thumb/v7e-m+fp/hard/crt0.o
LOAD ./Core/Src/freertos.o
LOAD ./Core/Src/main.o
LOAD ./Core/Src/stm32f4xx_hal_msp.o
LOAD ./Core/Src/stm32f4xx_hal_timebase_tim.o
LOAD ./Core/Src/stm32f4xx_it.o
LOAD ./Core/Src/syscalls.o
LOAD ./Core/Src/sysmem.o
LOAD ./Core/Src/system_stm32f4xx.o
LOAD ./Core/Startup/startup_stm32f407vgtx.o
LOAD ./Drivers/STM32F4xx_HAL_Driver/Src/stm32f4xx_hal.o
LOAD ./Drivers/STM32F4xx_HAL_Driver/Src/stm32f4xx_hal_can.o
LOAD ./Drivers/STM32F4xx_HAL_Driver/Src/stm32f4xx_hal_cortex.o
LOAD ./Drivers/STM32F4xx_HAL_Driver/Src/stm32f4xx_hal_dma.o
LOAD ./Drivers/STM32F4xx_HAL_Driver/Src/stm32f4xx_hal_dma_ex.o
LOAD ./Drivers/STM32F4xx_HAL_Driver/Src/stm32f4xx_hal_exti.o
LOAD ./Drivers/STM32F4xx_HAL_Driver/Src/stm32f4xx_hal_flash.o
LOAD ./Drivers/STM32F4xx_HAL_Driver/Src/stm32f4xx_hal_flash_ex.o
LOAD ./Drivers/STM32F4xx_HAL_Driver/Src/stm32f4xx_hal_flash_ramfunc.o
LOAD ./Drivers/STM32F4xx_HAL_Driver/Src/stm32f4xx_hal_gpio.o
LOAD ./Drivers/STM32F4xx_HAL_Driver/Src/stm32f4xx_hal_i2c.o
LOAD ./Drivers/STM32F4xx_HAL_Driver/Src/stm32f4xx_hal_i2c_ex.o
LOAD ./Drivers/STM32F4xx_HAL_Driver/Src/stm32f4xx_hal_pcd.o
LOAD ./Drivers/STM32F4xx_HAL_Driver/Src/stm32f4xx_hal_pcd_ex.o
LOAD ./Drivers/STM32F4xx_HAL_Driver/Src/stm32f4xx_hal_pwr.o
LOAD ./Drivers/STM32F4xx_HAL_Driver/Src/stm32f4xx_hal_pwr_ex.o
LOAD ./Drivers/STM32F4xx_HAL_Driver/Src/stm32f4xx_hal_rcc.o
LOAD ./Drivers/STM32F4xx_HAL_Driver/Src/stm32f4xx_hal_rcc_ex.o
LOAD ./Drivers/STM32F4xx_HAL_Driver/Src/stm32f4xx_hal_tim.o
LOAD ./Drivers/STM32F4xx_HAL_Driver/Src/stm32f4xx_hal_tim_ex.o
LOAD ./Drivers/STM32F4xx_HAL_Driver/Src/stm32f4xx_ll_usb.o
LOAD ./Middlewares/ST/STM32_USB_Device_Library/Class/CDC/Src/usbd_cdc.o
LOAD ./Middlewares/ST/STM32_USB_Device_Library/Core/Src/usbd_core.o
LOAD ./Middlewares/ST/STM32_USB_Device_Library/Core/Src/usbd_ctlreq.o
LOAD ./Middlewares/ST/STM32_USB_Device_Library/Core/Src/usbd_ioreq.o
LOAD ./Middlewares/Third_Party/FreeRTOS/Source/CMSIS_RTOS_V2/cmsis_os2.o
LOAD ./Middlewares/Third_Party/FreeRTOS/Source/croutine.o
LOAD ./Middlewares/Third_Party/FreeRTOS/Source/event_groups.o
LOAD ./Middlewares/Third_Party/FreeRTOS/Source/list.o
LOAD ./Middlewares/Third_Party/FreeRTOS/Source/queue.o
LOAD ./Middlewares/Third_Party/FreeRTOS/Source/stream_buffer.o
LOAD ./Middlewares/Third_Party/FreeRTOS/Source/tasks.o
LOAD ./Middlewares/Third_Party/FreeRTOS/Source/timers.o
LOAD ./Middlewares/Third_Party/FreeRTOS/Source/portable/GCC/ARM_CM4F/port.o
LOAD ./Middlewares/Third_Party/FreeRTOS/Source/portable/MemMang/heap_4.o
LOAD ./USB_DEVICE/App/usb_device.o
LOAD ./USB_DEVICE/App/usbd_cdc_if.o
LOAD ./USB_DEVICE/App/usbd_desc.o
LOAD ./USB_DEVICE/Target/usbd_conf.o
START GROUP
LOAD C:/ST/STM32CubeIDE_1.19.0/STM32CubeIDE/plugins/com.st.stm32cube.ide.mcu.externaltools.gnu-tools-for-stm32.13.3.rel1.win32_1.0.0.202411081344/tools/bin/../lib/gcc/arm-none-eabi/13.3.1/../../../../arm-none-eabi/lib/thumb/v7e-m+fp/hard\libc_nano.a
LOAD C:/ST/STM32CubeIDE_1.19.0/STM32CubeIDE/plugins/com.st.stm32cube.ide.mcu.externaltools.gnu-tools-for-stm32.13.3.rel1.win32_1.0.0.202411081344/tools/bin/../lib/gcc/arm-none-eabi/13.3.1/../../../../arm-none-eabi/lib/thumb/v7e-m+fp/hard\libm.a
END GROUP
START GROUP
LOAD C:/ST/STM32CubeIDE_1.19.0/STM32CubeIDE/plugins/com.st.stm32cube.ide.mcu.externaltools.gnu-tools-for-stm32.13.3.rel1.win32_1.0.0.202411081344/tools/bin/../lib/gcc/arm-none-eabi/13.3.1/thumb/v7e-m+fp/hard\libgcc.a
LOAD C:/ST/STM32CubeIDE_1.19.0/STM32CubeIDE/plugins/com.st.stm32cube.ide.mcu.externaltools.gnu-tools-for-stm32.13.3.rel1.win32_1.0.0.202411081344/tools/bin/../lib/gcc/arm-none-eabi/13.3.1/../../../../arm-none-eabi/lib/thumb/v7e-m+fp/hard\libc_nano.a
END GROUP
START GROUP
LOAD C:/ST/STM32CubeIDE_1.19.0/STM32CubeIDE/plugins/com.st.stm32cube.ide.mcu.externaltools.gnu-tools-for-stm32.13.3.rel1.win32_1.0.0.202411081344/tools/bin/../lib/gcc/arm-none-eabi/13.3.1/thumb/v7e-m+fp/hard\libgcc.a
LOAD C:/ST/STM32CubeIDE_1.19.0/STM32CubeIDE/plugins/com.st.stm32cube.ide.mcu.externaltools.gnu-tools-for-stm32.13.3.rel1.win32_1.0.0.202411081344/tools/bin/../lib/gcc/arm-none-eabi/13.3.1/../../../../arm-none-eabi/lib/thumb/v7e-m+fp/hard\libc_nano.a
LOAD C:/ST/STM32CubeIDE_1.19.0/STM32CubeIDE/plugins/com.st.stm32cube.ide.mcu.externaltools.gnu-tools-for-stm32.13.3.rel1.win32_1.0.0.202411081344/tools/bin/../lib/gcc/arm-none-eabi/13.3.1/../../../../arm-none-eabi/lib/thumb/v7e-m+fp/hard\libnosys.a
END GROUP
START GROUP
LOAD C:/ST/STM32CubeIDE_1.19.0/STM32CubeIDE/plugins/com.st.stm32cube.ide.mcu.externaltools.gnu-tools-for-stm32.13.3.rel1.win32_1.0.0.202411081344/tools/bin/../lib/gcc/arm-none-eabi/13.3.1/thumb/v7e-m+fp/hard\libgcc.a
LOAD C:/ST/STM32CubeIDE_1.19.0/STM32CubeIDE/plugins/com.st.stm32cube.ide.mcu.externaltools.gnu-tools-for-stm32.13.3.rel1.win32_1.0.0.202411081344/tools/bin/../lib/gcc/arm-none-eabi/13.3.1/../../../../arm-none-eabi/lib/thumb/v7e-m+fp/hard\libc_nano.a
LOAD C:/ST/STM32CubeIDE_1.19.0/STM32CubeIDE/plugins/com.st.stm32cube.ide.mcu.externaltools.gnu-tools-for-stm32.13.3.rel1.win32_1.0.0.202411081344/tools/bin/../lib/gcc/arm-none-eabi/13.3.1/../../../../arm-none-eabi/lib/thumb/v7e-m+fp/hard\libnosys.a
END GROUP
LOAD C:/ST/STM32CubeIDE_1.19.0/STM32CubeIDE/plugins/com.st.stm32cube.ide.mcu.externaltools.gnu-tools-for-stm32.13.3.rel1.win32_1.0.0.202411081344/tools/bin/../lib/gcc/arm-none-eabi/13.3.1/thumb/v7e-m+fp/hard/crtend.o
LOAD C:/ST/STM32CubeIDE_1.19.0/STM32CubeIDE/plugins/com.st.stm32cube.ide.mcu.externaltools.gnu-tools-for-stm32.13.3.rel1.win32_1.0.0.202411081344/tools/bin/../lib/gcc/arm-none-eabi/13.3.1/thumb/v7e-m+fp/hard/crtn.o
                0x20020000                        _estack = (ORIGIN (RAM) + LENGTH (RAM))
                0x00000200                        _Min_Heap_Size = 0x200
                0x00000400                        _Min_Stack_Size = 0x400

.isr_vector     0x08000000      0x188
                0x08000000                        . = ALIGN (0x4)
 *(.isr_vector)
 .isr_vector    0x08000000      0x188 ./Core/Startup/startup_stm32f407vgtx.o
                0x08000000                g_pfnVectors
                0x08000188                        . = ALIGN (0x4)

.text           0x08000190    0x15c58
                0x08000190                        . = ALIGN (0x4)
 *(.text)
 .text          0x08000190       0x40 C:/ST/STM32CubeIDE_1.19.0/STM32CubeIDE/plugins/com.st.stm32cube.ide.mcu.externaltools.gnu-tools-for-stm32.13.3.rel1.win32_1.0.0.202411081344/tools/bin/../lib/gcc/arm-none-eabi/13.3.1/thumb/v7e-m+fp/hard/crtbegin.o
 .text          0x080001d0       0xa0 C:/ST/STM32CubeIDE_1.19.0/STM32CubeIDE/plugins/com.st.stm32cube.ide.mcu.externaltools.gnu-tools-for-stm32.13.3.rel1.win32_1.0.0.202411081344/tools/bin/../lib/gcc/arm-none-eabi/13.3.1/../../../../arm-none-eabi/lib/thumb/v7e-m+fp/hard\libc_nano.a(libc_a-memchr.o)
                0x080001d0                memchr
 .text          0x08000270       0x10 C:/ST/STM32CubeIDE_1.19.0/STM32CubeIDE/plugins/com.st.stm32cube.ide.mcu.externaltools.gnu-tools-for-stm32.13.3.rel1.win32_1.0.0.202411081344/tools/bin/../lib/gcc/arm-none-eabi/13.3.1/../../../../arm-none-eabi/lib/thumb/v7e-m+fp/hard\libc_nano.a(libc_a-strlen.o)
                0x08000270                strlen
 .text          0x08000280      0x378 C:/ST/STM32CubeIDE_1.19.0/STM32CubeIDE/plugins/com.st.stm32cube.ide.mcu.externaltools.gnu-tools-for-stm32.13.3.rel1.win32_1.0.0.202411081344/tools/bin/../lib/gcc/arm-none-eabi/13.3.1/thumb/v7e-m+fp/hard\libgcc.a(_arm_addsubdf3.o)
                0x08000280                __aeabi_drsub
                0x08000288                __aeabi_dsub
                0x08000288                __subdf3
                0x0800028c                __aeabi_dadd
                0x0800028c                __adddf3
                0x08000504                __floatunsidf
                0x08000504                __aeabi_ui2d
                0x08000524                __floatsidf
                0x08000524                __aeabi_i2d
                0x08000548                __aeabi_f2d
                0x08000548                __extendsfdf2
                0x0800058c                __floatundidf
                0x0800058c                __aeabi_ul2d
                0x0800059c                __floatdidf
                0x0800059c                __aeabi_l2d
 .text          0x080005f8      0x424 C:/ST/STM32CubeIDE_1.19.0/STM32CubeIDE/plugins/com.st.stm32cube.ide.mcu.externaltools.gnu-tools-for-stm32.13.3.rel1.win32_1.0.0.202411081344/tools/bin/../lib/gcc/arm-none-eabi/13.3.1/thumb/v7e-m+fp/hard\libgcc.a(_arm_muldivdf3.o)
                0x080005f8                __aeabi_dmul
                0x080005f8                __muldf3
                0x0800084c                __divdf3
                0x0800084c                __aeabi_ddiv
 .text          0x08000a1c      0x110 C:/ST/STM32CubeIDE_1.19.0/STM32CubeIDE/plugins/com.st.stm32cube.ide.mcu.externaltools.gnu-tools-for-stm32.13.3.rel1.win32_1.0.0.202411081344/tools/bin/../lib/gcc/arm-none-eabi/13.3.1/thumb/v7e-m+fp/hard\libgcc.a(_arm_cmpdf2.o)
                0x08000a1c                __gtdf2
                0x08000a1c                __gedf2
                0x08000a24                __ltdf2
                0x08000a24                __ledf2
                0x08000a2c                __nedf2
                0x08000a2c                __eqdf2
                0x08000a2c                __cmpdf2
                0x08000aa8                __aeabi_cdrcmple
                0x08000ab8                __aeabi_cdcmpeq
                0x08000ab8                __aeabi_cdcmple
                0x08000ac8                __aeabi_dcmpeq
                0x08000adc                __aeabi_dcmplt
                0x08000af0                __aeabi_dcmple
                0x08000b04                __aeabi_dcmpge
                0x08000b18                __aeabi_dcmpgt
 .text          0x08000b2c       0x2c C:/ST/STM32CubeIDE_1.19.0/STM32CubeIDE/plugins/com.st.stm32cube.ide.mcu.externaltools.gnu-tools-for-stm32.13.3.rel1.win32_1.0.0.202411081344/tools/bin/../lib/gcc/arm-none-eabi/13.3.1/thumb/v7e-m+fp/hard\libgcc.a(_arm_unorddf2.o)
                0x08000b2c                __unorddf2
                0x08000b2c                __aeabi_dcmpun
 .text          0x08000b58       0x50 C:/ST/STM32CubeIDE_1.19.0/STM32CubeIDE/plugins/com.st.stm32cube.ide.mcu.externaltools.gnu-tools-for-stm32.13.3.rel1.win32_1.0.0.202411081344/tools/bin/../lib/gcc/arm-none-eabi/13.3.1/thumb/v7e-m+fp/hard\libgcc.a(_arm_fixdfsi.o)
                0x08000b58                __aeabi_d2iz
                0x08000b58                __fixdfsi
 .text          0x08000ba8       0x40 C:/ST/STM32CubeIDE_1.19.0/STM32CubeIDE/plugins/com.st.stm32cube.ide.mcu.externaltools.gnu-tools-for-stm32.13.3.rel1.win32_1.0.0.202411081344/tools/bin/../lib/gcc/arm-none-eabi/13.3.1/thumb/v7e-m+fp/hard\libgcc.a(_arm_fixunsdfsi.o)
                0x08000ba8                __aeabi_d2uiz
                0x08000ba8                __fixunsdfsi
 .text          0x08000be8       0xa0 C:/ST/STM32CubeIDE_1.19.0/STM32CubeIDE/plugins/com.st.stm32cube.ide.mcu.externaltools.gnu-tools-for-stm32.13.3.rel1.win32_1.0.0.202411081344/tools/bin/../lib/gcc/arm-none-eabi/13.3.1/thumb/v7e-m+fp/hard\libgcc.a(_arm_truncdfsf2.o)
                0x08000be8                __truncdfsf2
                0x08000be8                __aeabi_d2f
 .text          0x08000c88       0x30 C:/ST/STM32CubeIDE_1.19.0/STM32CubeIDE/plugins/com.st.stm32cube.ide.mcu.externaltools.gnu-tools-for-stm32.13.3.rel1.win32_1.0.0.202411081344/tools/bin/../lib/gcc/arm-none-eabi/13.3.1/thumb/v7e-m+fp/hard\libgcc.a(_aeabi_uldivmod.o)
                0x08000c88                __aeabi_uldivmod
 .text          0x08000cb8       0x30 C:/ST/STM32CubeIDE_1.19.0/STM32CubeIDE/plugins/com.st.stm32cube.ide.mcu.externaltools.gnu-tools-for-stm32.13.3.rel1.win32_1.0.0.202411081344/tools/bin/../lib/gcc/arm-none-eabi/13.3.1/thumb/v7e-m+fp/hard\libgcc.a(_fixdfdi.o)
                0x08000cb8                __fixdfdi
                0x08000cb8                __aeabi_d2lz
 .text          0x08000ce8       0x3c C:/ST/STM32CubeIDE_1.19.0/STM32CubeIDE/plugins/com.st.stm32cube.ide.mcu.externaltools.gnu-tools-for-stm32.13.3.rel1.win32_1.0.0.202411081344/tools/bin/../lib/gcc/arm-none-eabi/13.3.1/thumb/v7e-m+fp/hard\libgcc.a(_fixunsdfdi.o)
                0x08000ce8                __fixunsdfdi
                0x08000ce8                __aeabi_d2ulz
 .text          0x08000d24      0x2f8 C:/ST/STM32CubeIDE_1.19.0/STM32CubeIDE/plugins/com.st.stm32cube.ide.mcu.externaltools.gnu-tools-for-stm32.13.3.rel1.win32_1.0.0.202411081344/tools/bin/../lib/gcc/arm-none-eabi/13.3.1/thumb/v7e-m+fp/hard\libgcc.a(_udivmoddi4.o)
                0x08000d24                __udivmoddi4
 .text          0x0800101c        0x4 C:/ST/STM32CubeIDE_1.19.0/STM32CubeIDE/plugins/com.st.stm32cube.ide.mcu.externaltools.gnu-tools-for-stm32.13.3.rel1.win32_1.0.0.202411081344/tools/bin/../lib/gcc/arm-none-eabi/13.3.1/thumb/v7e-m+fp/hard\libgcc.a(_dvmd_tls.o)
                0x0800101c                __aeabi_idiv0
                0x0800101c                __aeabi_ldiv0
 *(.text*)
 .text.radians  0x08001020       0x64 ./Core/Src/main.o
                0x08001020                radians
 .text.map      0x08001084       0x38 ./Core/Src/main.o
                0x08001084                map
 .text.constrain
                0x080010bc       0x52 ./Core/Src/main.o
                0x080010bc                constrain
 *fill*         0x0800110e        0x2 
 .text.BNO055_init
                0x08001110       0x68 ./Core/Src/main.o
                0x08001110                BNO055_init
 .text.normalise_angle
                0x08001178       0x70 ./Core/Src/main.o
                0x08001178                normalise_angle
 .text.decode_buttons
                0x080011e8      0x204 ./Core/Src/main.o
                0x080011e8                decode_buttons
 .text.motor1   0x080013ec       0x3c ./Core/Src/main.o
                0x080013ec                motor1
 .text.motor2   0x08001428       0x3c ./Core/Src/main.o
                0x08001428                motor2
 .text.motor3   0x08001464       0x3c ./Core/Src/main.o
                0x08001464                motor3
 .text.main     0x080014a0      0x140 ./Core/Src/main.o
                0x080014a0                main
 .text.SystemClock_Config
                0x080015e0       0xd4 ./Core/Src/main.o
                0x080015e0                SystemClock_Config
 .text.MX_CAN1_Init
                0x080016b4       0x6c ./Core/Src/main.o
 .text.MX_I2C2_Init
                0x08001720       0x5c ./Core/Src/main.o
 .text.MX_TIM1_Init
                0x0800177c       0xb0 ./Core/Src/main.o
 .text.MX_TIM2_Init
                0x0800182c       0xa8 ./Core/Src/main.o
 .text.MX_TIM3_Init
                0x080018d4      0x130 ./Core/Src/main.o
 .text.MX_TIM4_Init
                0x08001a04       0xa8 ./Core/Src/main.o
 .text.MX_TIM5_Init
                0x08001aac       0x9c ./Core/Src/main.o
 .text.MX_TIM9_Init
                0x08001b48       0xdc ./Core/Src/main.o
 .text.MX_GPIO_Init
                0x08001c24       0xc0 ./Core/Src/main.o
 .text.HAL_CAN_RxFifo0MsgPendingCallback
                0x08001ce4       0x44 ./Core/Src/main.o
                0x08001ce4                HAL_CAN_RxFifo0MsgPendingCallback
 .text.StartIMUTask
                0x08001d28       0xb0 ./Core/Src/main.o
                0x08001d28                StartIMUTask
 .text.StartCANTask
                0x08001dd8       0x28 ./Core/Src/main.o
                0x08001dd8                StartCANTask
 .text.StartpidTask
                0x08001e00      0x12c ./Core/Src/main.o
                0x08001e00                StartpidTask
 *fill*         0x08001f2c        0x4 
 .text.StartmotorTask
                0x08001f30      0x3e4 ./Core/Src/main.o
                0x08001f30                StartmotorTask
 .text.StartprintTask
                0x08002314       0xec ./Core/Src/main.o
                0x08002314                StartprintTask
 .text.HAL_TIM_PeriodElapsedCallback
                0x08002400       0x24 ./Core/Src/main.o
                0x08002400                HAL_TIM_PeriodElapsedCallback
 .text.Error_Handler
                0x08002424        0xc ./Core/Src/main.o
                0x08002424                Error_Handler
 .text.HAL_MspInit
                0x08002430       0x58 ./Core/Src/stm32f4xx_hal_msp.o
                0x08002430                HAL_MspInit
 .text.HAL_CAN_MspInit
                0x08002488       0xa0 ./Core/Src/stm32f4xx_hal_msp.o
                0x08002488                HAL_CAN_MspInit
 .text.HAL_I2C_MspInit
                0x08002528       0x90 ./Core/Src/stm32f4xx_hal_msp.o
                0x08002528                HAL_I2C_MspInit
 .text.HAL_TIM_Encoder_MspInit
                0x080025b8      0x168 ./Core/Src/stm32f4xx_hal_msp.o
                0x080025b8                HAL_TIM_Encoder_MspInit
 .text.HAL_TIM_Base_MspInit
                0x08002720       0xa8 ./Core/Src/stm32f4xx_hal_msp.o
                0x08002720                HAL_TIM_Base_MspInit
 .text.HAL_TIM_MspPostInit
                0x080027c8      0x104 ./Core/Src/stm32f4xx_hal_msp.o
                0x080027c8                HAL_TIM_MspPostInit
 .text.HAL_InitTick
                0x080028cc       0xf8 ./Core/Src/stm32f4xx_hal_timebase_tim.o
                0x080028cc                HAL_InitTick
 .text.NMI_Handler
                0x080029c4        0x8 ./Core/Src/stm32f4xx_it.o
                0x080029c4                NMI_Handler
 .text.HardFault_Handler
                0x080029cc        0x8 ./Core/Src/stm32f4xx_it.o
                0x080029cc                HardFault_Handler
 .text.MemManage_Handler
                0x080029d4        0x8 ./Core/Src/stm32f4xx_it.o
                0x080029d4                MemManage_Handler
 .text.BusFault_Handler
                0x080029dc        0x8 ./Core/Src/stm32f4xx_it.o
                0x080029dc                BusFault_Handler
 .text.UsageFault_Handler
                0x080029e4        0x8 ./Core/Src/stm32f4xx_it.o
                0x080029e4                UsageFault_Handler
 .text.DebugMon_Handler
                0x080029ec        0xe ./Core/Src/stm32f4xx_it.o
                0x080029ec                DebugMon_Handler
 *fill*         0x080029fa        0x2 
 .text.CAN1_RX0_IRQHandler
                0x080029fc       0x14 ./Core/Src/stm32f4xx_it.o
                0x080029fc                CAN1_RX0_IRQHandler
 .text.TIM8_TRG_COM_TIM14_IRQHandler
                0x08002a10       0x14 ./Core/Src/stm32f4xx_it.o
                0x08002a10                TIM8_TRG_COM_TIM14_IRQHandler
 .text.TIM5_IRQHandler
                0x08002a24       0x14 ./Core/Src/stm32f4xx_it.o
                0x08002a24                TIM5_IRQHandler
 .text.OTG_FS_IRQHandler
                0x08002a38       0x14 ./Core/Src/stm32f4xx_it.o
                0x08002a38                OTG_FS_IRQHandler
 .text._getpid  0x08002a4c       0x10 ./Core/Src/syscalls.o
                0x08002a4c                _getpid
 .text._kill    0x08002a5c       0x20 ./Core/Src/syscalls.o
                0x08002a5c                _kill
 .text._exit    0x08002a7c       0x16 ./Core/Src/syscalls.o
                0x08002a7c                _exit
 .text._read    0x08002a92       0x3a ./Core/Src/syscalls.o
                0x08002a92                _read
 .text._write   0x08002acc       0x38 ./Core/Src/syscalls.o
                0x08002acc                _write
 .text._close   0x08002b04       0x18 ./Core/Src/syscalls.o
                0x08002b04                _close
 .text._fstat   0x08002b1c       0x20 ./Core/Src/syscalls.o
                0x08002b1c                _fstat
 .text._isatty  0x08002b3c       0x16 ./Core/Src/syscalls.o
                0x08002b3c                _isatty
 .text._lseek   0x08002b52       0x1a ./Core/Src/syscalls.o
                0x08002b52                _lseek
 .text._sbrk    0x08002b6c       0x6c ./Core/Src/sysmem.o
                0x08002b6c                _sbrk
 .text.SystemInit
                0x08002bd8       0x24 ./Core/Src/system_stm32f4xx.o
                0x08002bd8                SystemInit
 .text.Reset_Handler
                0x08002bfc       0x50 ./Core/Startup/startup_stm32f407vgtx.o
                0x08002bfc                Reset_Handler
 .text.Default_Handler
                0x08002c4c        0x2 ./Core/Startup/startup_stm32f407vgtx.o
                0x08002c4c                RTC_Alarm_IRQHandler
                0x08002c4c                HASH_RNG_IRQHandler
                0x08002c4c                EXTI2_IRQHandler
                0x08002c4c                TIM8_CC_IRQHandler
                0x08002c4c                TIM1_CC_IRQHandler
                0x08002c4c                DMA2_Stream5_IRQHandler
                0x08002c4c                DMA1_Stream5_IRQHandler
                0x08002c4c                PVD_IRQHandler
                0x08002c4c                SDIO_IRQHandler
                0x08002c4c                TAMP_STAMP_IRQHandler
                0x08002c4c                CAN2_RX1_IRQHandler
                0x08002c4c                EXTI3_IRQHandler
                0x08002c4c                TIM1_UP_TIM10_IRQHandler
                0x08002c4c                TIM8_UP_TIM13_IRQHandler
                0x08002c4c                I2C3_ER_IRQHandler
                0x08002c4c                EXTI0_IRQHandler
                0x08002c4c                I2C2_EV_IRQHandler
                0x08002c4c                DMA1_Stream2_IRQHandler
                0x08002c4c                FPU_IRQHandler
                0x08002c4c                OTG_HS_WKUP_IRQHandler
                0x08002c4c                CAN2_SCE_IRQHandler
                0x08002c4c                DMA2_Stream2_IRQHandler
                0x08002c4c                SPI1_IRQHandler
                0x08002c4c                TIM6_DAC_IRQHandler
                0x08002c4c                TIM1_BRK_TIM9_IRQHandler
                0x08002c4c                DCMI_IRQHandler
                0x08002c4c                CAN2_RX0_IRQHandler
                0x08002c4c                DMA2_Stream3_IRQHandler
                0x08002c4c                USART6_IRQHandler
                0x08002c4c                USART3_IRQHandler
                0x08002c4c                CAN1_RX1_IRQHandler
                0x08002c4c                UART5_IRQHandler
                0x08002c4c                DMA2_Stream0_IRQHandler
                0x08002c4c                TIM4_IRQHandler
                0x08002c4c                I2C1_EV_IRQHandler
                0x08002c4c                DMA1_Stream6_IRQHandler
                0x08002c4c                DMA1_Stream1_IRQHandler
                0x08002c4c                UART4_IRQHandler
                0x08002c4c                TIM3_IRQHandler
                0x08002c4c                RCC_IRQHandler
                0x08002c4c                TIM8_BRK_TIM12_IRQHandler
                0x08002c4c                Default_Handler
                0x08002c4c                EXTI15_10_IRQHandler
                0x08002c4c                ADC_IRQHandler
                0x08002c4c                DMA1_Stream7_IRQHandler
                0x08002c4c                TIM7_IRQHandler
                0x08002c4c                CAN2_TX_IRQHandler
                0x08002c4c                DMA2_Stream7_IRQHandler
                0x08002c4c                I2C3_EV_IRQHandler
                0x08002c4c                EXTI9_5_IRQHandler
                0x08002c4c                RTC_WKUP_IRQHandler
                0x08002c4c                ETH_WKUP_IRQHandler
                0x08002c4c                SPI2_IRQHandler
                0x08002c4c                OTG_HS_EP1_IN_IRQHandler
                0x08002c4c                DMA1_Stream0_IRQHandler
                0x08002c4c                CAN1_TX_IRQHandler
                0x08002c4c                EXTI4_IRQHandler
                0x08002c4c                FSMC_IRQHandler
                0x08002c4c                ETH_IRQHandler
                0x08002c4c                OTG_HS_EP1_OUT_IRQHandler
                0x08002c4c                WWDG_IRQHandler
                0x08002c4c                TIM2_IRQHandler
                0x08002c4c                OTG_FS_WKUP_IRQHandler
                0x08002c4c                TIM1_TRG_COM_TIM11_IRQHandler
                0x08002c4c                OTG_HS_IRQHandler
                0x08002c4c                EXTI1_IRQHandler
                0x08002c4c                USART2_IRQHandler
                0x08002c4c                I2C2_ER_IRQHandler
                0x08002c4c                DMA2_Stream1_IRQHandler
                0x08002c4c                CAN1_SCE_IRQHandler
                0x08002c4c                FLASH_IRQHandler
                0x08002c4c                DMA2_Stream4_IRQHandler
                0x08002c4c                USART1_IRQHandler
                0x08002c4c                SPI3_IRQHandler
                0x08002c4c                DMA1_Stream4_IRQHandler
                0x08002c4c                I2C1_ER_IRQHandler
                0x08002c4c                DMA2_Stream6_IRQHandler
                0x08002c4c                DMA1_Stream3_IRQHandler
 *fill*         0x08002c4e        0x2 
 .text.HAL_Init
                0x08002c50       0x44 ./Drivers/STM32F4xx_HAL_Driver/Src/stm32f4xx_hal.o
                0x08002c50                HAL_Init
 .text.HAL_IncTick
                0x08002c94       0x28 ./Drivers/STM32F4xx_HAL_Driver/Src/stm32f4xx_hal.o
                0x08002c94                HAL_IncTick
 .text.HAL_GetTick
                0x08002cbc       0x18 ./Drivers/STM32F4xx_HAL_Driver/Src/stm32f4xx_hal.o
                0x08002cbc                HAL_GetTick
 .text.HAL_Delay
                0x08002cd4       0x48 ./Drivers/STM32F4xx_HAL_Driver/Src/stm32f4xx_hal.o
                0x08002cd4                HAL_Delay
 .text.HAL_CAN_Init
                0x08002d1c      0x1f6 ./Drivers/STM32F4xx_HAL_Driver/Src/stm32f4xx_hal_can.o
                0x08002d1c                HAL_CAN_Init
 *fill*         0x08002f12        0x2 
 .text.HAL_CAN_ConfigFilter
                0x08002f14      0x1bc ./Drivers/STM32F4xx_HAL_Driver/Src/stm32f4xx_hal_can.o
                0x08002f14                HAL_CAN_ConfigFilter
 .text.HAL_CAN_Start
                0x080030d0       0x88 ./Drivers/STM32F4xx_HAL_Driver/Src/stm32f4xx_hal_can.o
                0x080030d0                HAL_CAN_Start
 .text.HAL_CAN_GetRxMessage
                0x08003158      0x244 ./Drivers/STM32F4xx_HAL_Driver/Src/stm32f4xx_hal_can.o
                0x08003158                HAL_CAN_GetRxMessage
 .text.HAL_CAN_ActivateNotification
                0x0800339c       0x4c ./Drivers/STM32F4xx_HAL_Driver/Src/stm32f4xx_hal_can.o
                0x0800339c                HAL_CAN_ActivateNotification
 .text.HAL_CAN_IRQHandler
                0x080033e8      0x36e ./Drivers/STM32F4xx_HAL_Driver/Src/stm32f4xx_hal_can.o
                0x080033e8                HAL_CAN_IRQHandler
 .text.HAL_CAN_TxMailbox0CompleteCallback
                0x08003756       0x14 ./Drivers/STM32F4xx_HAL_Driver/Src/stm32f4xx_hal_can.o
                0x08003756                HAL_CAN_TxMailbox0CompleteCallback
 .text.HAL_CAN_TxMailbox1CompleteCallback
                0x0800376a       0x14 ./Drivers/STM32F4xx_HAL_Driver/Src/stm32f4xx_hal_can.o
                0x0800376a                HAL_CAN_TxMailbox1CompleteCallback
 .text.HAL_CAN_TxMailbox2CompleteCallback
                0x0800377e       0x14 ./Drivers/STM32F4xx_HAL_Driver/Src/stm32f4xx_hal_can.o
                0x0800377e                HAL_CAN_TxMailbox2CompleteCallback
 .text.HAL_CAN_TxMailbox0AbortCallback
                0x08003792       0x14 ./Drivers/STM32F4xx_HAL_Driver/Src/stm32f4xx_hal_can.o
                0x08003792                HAL_CAN_TxMailbox0AbortCallback
 .text.HAL_CAN_TxMailbox1AbortCallback
                0x080037a6       0x14 ./Drivers/STM32F4xx_HAL_Driver/Src/stm32f4xx_hal_can.o
                0x080037a6                HAL_CAN_TxMailbox1AbortCallback
 .text.HAL_CAN_TxMailbox2AbortCallback
                0x080037ba       0x14 ./Drivers/STM32F4xx_HAL_Driver/Src/stm32f4xx_hal_can.o
                0x080037ba                HAL_CAN_TxMailbox2AbortCallback
 .text.HAL_CAN_RxFifo0FullCallback
                0x080037ce       0x14 ./Drivers/STM32F4xx_HAL_Driver/Src/stm32f4xx_hal_can.o
                0x080037ce                HAL_CAN_RxFifo0FullCallback
 .text.HAL_CAN_RxFifo1MsgPendingCallback
                0x080037e2       0x14 ./Drivers/STM32F4xx_HAL_Driver/Src/stm32f4xx_hal_can.o
                0x080037e2                HAL_CAN_RxFifo1MsgPendingCallback
 .text.HAL_CAN_RxFifo1FullCallback
                0x080037f6       0x14 ./Drivers/STM32F4xx_HAL_Driver/Src/stm32f4xx_hal_can.o
                0x080037f6                HAL_CAN_RxFifo1FullCallback
 .text.HAL_CAN_SleepCallback
                0x0800380a       0x14 ./Drivers/STM32F4xx_HAL_Driver/Src/stm32f4xx_hal_can.o
                0x0800380a                HAL_CAN_SleepCallback
 .text.HAL_CAN_WakeUpFromRxMsgCallback
                0x0800381e       0x14 ./Drivers/STM32F4xx_HAL_Driver/Src/stm32f4xx_hal_can.o
                0x0800381e                HAL_CAN_WakeUpFromRxMsgCallback
 .text.HAL_CAN_ErrorCallback
                0x08003832       0x14 ./Drivers/STM32F4xx_HAL_Driver/Src/stm32f4xx_hal_can.o
                0x08003832                HAL_CAN_ErrorCallback
 *fill*         0x08003846        0x2 
 .text.__NVIC_SetPriorityGrouping
                0x08003848       0x48 ./Drivers/STM32F4xx_HAL_Driver/Src/stm32f4xx_hal_cortex.o
 .text.__NVIC_GetPriorityGrouping
                0x08003890       0x1c ./Drivers/STM32F4xx_HAL_Driver/Src/stm32f4xx_hal_cortex.o
 .text.__NVIC_EnableIRQ
                0x080038ac       0x3c ./Drivers/STM32F4xx_HAL_Driver/Src/stm32f4xx_hal_cortex.o
 .text.__NVIC_SetPriority
                0x080038e8       0x54 ./Drivers/STM32F4xx_HAL_Driver/Src/stm32f4xx_hal_cortex.o
 .text.NVIC_EncodePriority
                0x0800393c       0x66 ./Drivers/STM32F4xx_HAL_Driver/Src/stm32f4xx_hal_cortex.o
 .text.HAL_NVIC_SetPriorityGrouping
                0x080039a2       0x16 ./Drivers/STM32F4xx_HAL_Driver/Src/stm32f4xx_hal_cortex.o
                0x080039a2                HAL_NVIC_SetPriorityGrouping
 .text.HAL_NVIC_SetPriority
                0x080039b8       0x38 ./Drivers/STM32F4xx_HAL_Driver/Src/stm32f4xx_hal_cortex.o
                0x080039b8                HAL_NVIC_SetPriority
 .text.HAL_NVIC_EnableIRQ
                0x080039f0       0x1c ./Drivers/STM32F4xx_HAL_Driver/Src/stm32f4xx_hal_cortex.o
                0x080039f0                HAL_NVIC_EnableIRQ
 .text.HAL_GPIO_Init
                0x08003a0c      0x338 ./Drivers/STM32F4xx_HAL_Driver/Src/stm32f4xx_hal_gpio.o
                0x08003a0c                HAL_GPIO_Init
 .text.HAL_I2C_Init
                0x08003d44      0x288 ./Drivers/STM32F4xx_HAL_Driver/Src/stm32f4xx_hal_i2c.o
                0x08003d44                HAL_I2C_Init
 .text.HAL_I2C_Mem_Write
                0x08003fcc      0x1f4 ./Drivers/STM32F4xx_HAL_Driver/Src/stm32f4xx_hal_i2c.o
                0x08003fcc                HAL_I2C_Mem_Write
 .text.HAL_I2C_Mem_Read
                0x080041c0      0x464 ./Drivers/STM32F4xx_HAL_Driver/Src/stm32f4xx_hal_i2c.o
                0x080041c0                HAL_I2C_Mem_Read
 .text.I2C_RequestMemoryWrite
                0x08004624      0x12c ./Drivers/STM32F4xx_HAL_Driver/Src/stm32f4xx_hal_i2c.o
 .text.I2C_RequestMemoryRead
                0x08004750      0x1d0 ./Drivers/STM32F4xx_HAL_Driver/Src/stm32f4xx_hal_i2c.o
 .text.I2C_WaitOnFlagUntilTimeout
                0x08004920       0xf4 ./Drivers/STM32F4xx_HAL_Driver/Src/stm32f4xx_hal_i2c.o
 .text.I2C_WaitOnMasterAddressFlagUntilTimeout
                0x08004a14      0x140 ./Drivers/STM32F4xx_HAL_Driver/Src/stm32f4xx_hal_i2c.o
 .text.I2C_WaitOnTXEFlagUntilTimeout
                0x08004b54       0x90 ./Drivers/STM32F4xx_HAL_Driver/Src/stm32f4xx_hal_i2c.o
 .text.I2C_WaitOnBTFFlagUntilTimeout
                0x08004be4       0x90 ./Drivers/STM32F4xx_HAL_Driver/Src/stm32f4xx_hal_i2c.o
 .text.I2C_WaitOnRXNEFlagUntilTimeout
                0x08004c74       0xba ./Drivers/STM32F4xx_HAL_Driver/Src/stm32f4xx_hal_i2c.o
 .text.I2C_IsAcknowledgeFailed
                0x08004d2e       0x5e ./Drivers/STM32F4xx_HAL_Driver/Src/stm32f4xx_hal_i2c.o
 .text.HAL_PCD_Init
                0x08004d8c      0x21e ./Drivers/STM32F4xx_HAL_Driver/Src/stm32f4xx_hal_pcd.o
                0x08004d8c                HAL_PCD_Init
 .text.HAL_PCD_Start
                0x08004faa       0x6a ./Drivers/STM32F4xx_HAL_Driver/Src/stm32f4xx_hal_pcd.o
                0x08004faa                HAL_PCD_Start
 .text.HAL_PCD_IRQHandler
                0x08005014      0x942 ./Drivers/STM32F4xx_HAL_Driver/Src/stm32f4xx_hal_pcd.o
                0x08005014                HAL_PCD_IRQHandler
 .text.HAL_PCD_SetAddress
                0x08005956       0x48 ./Drivers/STM32F4xx_HAL_Driver/Src/stm32f4xx_hal_pcd.o
                0x08005956                HAL_PCD_SetAddress
 .text.HAL_PCD_EP_Open
                0x0800599e       0xd4 ./Drivers/STM32F4xx_HAL_Driver/Src/stm32f4xx_hal_pcd.o
                0x0800599e                HAL_PCD_EP_Open
 .text.HAL_PCD_EP_Close
                0x08005a72       0x94 ./Drivers/STM32F4xx_HAL_Driver/Src/stm32f4xx_hal_pcd.o
                0x08005a72                HAL_PCD_EP_Close
 .text.HAL_PCD_EP_Receive
                0x08005b06       0x76 ./Drivers/STM32F4xx_HAL_Driver/Src/stm32f4xx_hal_pcd.o
                0x08005b06                HAL_PCD_EP_Receive
 .text.HAL_PCD_EP_GetRxCount
                0x08005b7c       0x30 ./Drivers/STM32F4xx_HAL_Driver/Src/stm32f4xx_hal_pcd.o
                0x08005b7c                HAL_PCD_EP_GetRxCount
 .text.HAL_PCD_EP_Transmit
                0x08005bac       0x74 ./Drivers/STM32F4xx_HAL_Driver/Src/stm32f4xx_hal_pcd.o
                0x08005bac                HAL_PCD_EP_Transmit
 .text.HAL_PCD_EP_SetStall
                0x08005c20       0xc6 ./Drivers/STM32F4xx_HAL_Driver/Src/stm32f4xx_hal_pcd.o
                0x08005c20                HAL_PCD_EP_SetStall
 .text.HAL_PCD_EP_ClrStall
                0x08005ce6       0xac ./Drivers/STM32F4xx_HAL_Driver/Src/stm32f4xx_hal_pcd.o
                0x08005ce6                HAL_PCD_EP_ClrStall
 .text.HAL_PCD_EP_Abort
                0x08005d92       0x62 ./Drivers/STM32F4xx_HAL_Driver/Src/stm32f4xx_hal_pcd.o
                0x08005d92                HAL_PCD_EP_Abort
 .text.PCD_WriteEmptyTxFifo
                0x08005df4      0x118 ./Drivers/STM32F4xx_HAL_Driver/Src/stm32f4xx_hal_pcd.o
 .text.PCD_EP_OutXfrComplete_int
                0x08005f0c      0x1d0 ./Drivers/STM32F4xx_HAL_Driver/Src/stm32f4xx_hal_pcd.o
 .text.PCD_EP_OutSetupPacket_int
                0x080060dc       0x8c ./Drivers/STM32F4xx_HAL_Driver/Src/stm32f4xx_hal_pcd.o
 .text.HAL_PCDEx_SetTxFiFo
                0x08006168       0x8e ./Drivers/STM32F4xx_HAL_Driver/Src/stm32f4xx_hal_pcd_ex.o
                0x08006168                HAL_PCDEx_SetTxFiFo
 .text.HAL_PCDEx_SetRxFiFo
                0x080061f6       0x22 ./Drivers/STM32F4xx_HAL_Driver/Src/stm32f4xx_hal_pcd_ex.o
                0x080061f6                HAL_PCDEx_SetRxFiFo
 .text.HAL_PCDEx_LPM_Callback
                0x08006218       0x18 ./Drivers/STM32F4xx_HAL_Driver/Src/stm32f4xx_hal_pcd_ex.o
                0x08006218                HAL_PCDEx_LPM_Callback
 .text.HAL_RCC_OscConfig
                0x08006230      0x4f0 ./Drivers/STM32F4xx_HAL_Driver/Src/stm32f4xx_hal_rcc.o
                0x08006230                HAL_RCC_OscConfig
 .text.HAL_RCC_ClockConfig
                0x08006720      0x1cc ./Drivers/STM32F4xx_HAL_Driver/Src/stm32f4xx_hal_rcc.o
                0x08006720                HAL_RCC_ClockConfig
 .text.HAL_RCC_GetSysClockFreq
                0x080068ec      0x20c ./Drivers/STM32F4xx_HAL_Driver/Src/stm32f4xx_hal_rcc.o
                0x080068ec                HAL_RCC_GetSysClockFreq
 .text.HAL_RCC_GetHCLKFreq
                0x08006af8       0x18 ./Drivers/STM32F4xx_HAL_Driver/Src/stm32f4xx_hal_rcc.o
                0x08006af8                HAL_RCC_GetHCLKFreq
 .text.HAL_RCC_GetPCLK1Freq
                0x08006b10       0x28 ./Drivers/STM32F4xx_HAL_Driver/Src/stm32f4xx_hal_rcc.o
                0x08006b10                HAL_RCC_GetPCLK1Freq
 .text.HAL_RCC_GetClockConfig
                0x08006b38       0x64 ./Drivers/STM32F4xx_HAL_Driver/Src/stm32f4xx_hal_rcc.o
                0x08006b38                HAL_RCC_GetClockConfig
 .text.HAL_TIM_Base_Init
                0x08006b9c       0x9e ./Drivers/STM32F4xx_HAL_Driver/Src/stm32f4xx_hal_tim.o
                0x08006b9c                HAL_TIM_Base_Init
 *fill*         0x08006c3a        0x2 
 .text.HAL_TIM_Base_Start_IT
                0x08006c3c       0xe0 ./Drivers/STM32F4xx_HAL_Driver/Src/stm32f4xx_hal_tim.o
                0x08006c3c                HAL_TIM_Base_Start_IT
 .text.HAL_TIM_PWM_Init
                0x08006d1c       0x9e ./Drivers/STM32F4xx_HAL_Driver/Src/stm32f4xx_hal_tim.o
                0x08006d1c                HAL_TIM_PWM_Init
 .text.HAL_TIM_PWM_MspInit
                0x08006dba       0x14 ./Drivers/STM32F4xx_HAL_Driver/Src/stm32f4xx_hal_tim.o
                0x08006dba                HAL_TIM_PWM_MspInit
 .text.HAL_TIM_Encoder_Init
                0x08006dce      0x14c ./Drivers/STM32F4xx_HAL_Driver/Src/stm32f4xx_hal_tim.o
                0x08006dce                HAL_TIM_Encoder_Init
 .text.HAL_TIM_IRQHandler
                0x08006f1a      0x1e0 ./Drivers/STM32F4xx_HAL_Driver/Src/stm32f4xx_hal_tim.o
                0x08006f1a                HAL_TIM_IRQHandler
 *fill*         0x080070fa        0x2 
 .text.HAL_TIM_PWM_ConfigChannel
                0x080070fc      0x184 ./Drivers/STM32F4xx_HAL_Driver/Src/stm32f4xx_hal_tim.o
                0x080070fc                HAL_TIM_PWM_ConfigChannel
 .text.HAL_TIM_ConfigClockSource
                0x08007280      0x18e ./Drivers/STM32F4xx_HAL_Driver/Src/stm32f4xx_hal_tim.o
                0x08007280                HAL_TIM_ConfigClockSource
 .text.HAL_TIM_OC_DelayElapsedCallback
                0x0800740e       0x14 ./Drivers/STM32F4xx_HAL_Driver/Src/stm32f4xx_hal_tim.o
                0x0800740e                HAL_TIM_OC_DelayElapsedCallback
 .text.HAL_TIM_IC_CaptureCallback
                0x08007422       0x14 ./Drivers/STM32F4xx_HAL_Driver/Src/stm32f4xx_hal_tim.o
                0x08007422                HAL_TIM_IC_CaptureCallback
 .text.HAL_TIM_PWM_PulseFinishedCallback
                0x08007436       0x14 ./Drivers/STM32F4xx_HAL_Driver/Src/stm32f4xx_hal_tim.o
                0x08007436                HAL_TIM_PWM_PulseFinishedCallback
 .text.HAL_TIM_TriggerCallback
                0x0800744a       0x14 ./Drivers/STM32F4xx_HAL_Driver/Src/stm32f4xx_hal_tim.o
                0x0800744a                HAL_TIM_TriggerCallback
 *fill*         0x0800745e        0x2 
 .text.TIM_Base_SetConfig
                0x08007460      0x14c ./Drivers/STM32F4xx_HAL_Driver/Src/stm32f4xx_hal_tim.o
                0x08007460                TIM_Base_SetConfig
 .text.TIM_OC1_SetConfig
                0x080075ac       0xe0 ./Drivers/STM32F4xx_HAL_Driver/Src/stm32f4xx_hal_tim.o
 .text.TIM_OC2_SetConfig
                0x0800768c       0xec ./Drivers/STM32F4xx_HAL_Driver/Src/stm32f4xx_hal_tim.o
                0x0800768c                TIM_OC2_SetConfig
 .text.TIM_OC3_SetConfig
                0x08007778       0xe8 ./Drivers/STM32F4xx_HAL_Driver/Src/stm32f4xx_hal_tim.o
 .text.TIM_OC4_SetConfig
                0x08007860       0xac ./Drivers/STM32F4xx_HAL_Driver/Src/stm32f4xx_hal_tim.o
 .text.TIM_TI1_ConfigInputStage
                0x0800790c       0x5e ./Drivers/STM32F4xx_HAL_Driver/Src/stm32f4xx_hal_tim.o
 .text.TIM_TI2_ConfigInputStage
                0x0800796a       0x60 ./Drivers/STM32F4xx_HAL_Driver/Src/stm32f4xx_hal_tim.o
 .text.TIM_ITRx_SetConfig
                0x080079ca       0x36 ./Drivers/STM32F4xx_HAL_Driver/Src/stm32f4xx_hal_tim.o
 .text.TIM_ETR_SetConfig
                0x08007a00       0x40 ./Drivers/STM32F4xx_HAL_Driver/Src/stm32f4xx_hal_tim.o
                0x08007a00                TIM_ETR_SetConfig
 .text.HAL_TIMEx_MasterConfigSynchronization
                0x08007a40       0xf8 ./Drivers/STM32F4xx_HAL_Driver/Src/stm32f4xx_hal_tim_ex.o
                0x08007a40                HAL_TIMEx_MasterConfigSynchronization
 .text.HAL_TIMEx_CommutCallback
                0x08007b38       0x14 ./Drivers/STM32F4xx_HAL_Driver/Src/stm32f4xx_hal_tim_ex.o
                0x08007b38                HAL_TIMEx_CommutCallback
 .text.HAL_TIMEx_BreakCallback
                0x08007b4c       0x14 ./Drivers/STM32F4xx_HAL_Driver/Src/stm32f4xx_hal_tim_ex.o
                0x08007b4c                HAL_TIMEx_BreakCallback
 .text.USB_CoreInit
                0x08007b60       0xc8 ./Drivers/STM32F4xx_HAL_Driver/Src/stm32f4xx_ll_usb.o
                0x08007b60                USB_CoreInit
 .text.USB_SetTurnaroundTime
                0x08007c28      0x144 ./Drivers/STM32F4xx_HAL_Driver/Src/stm32f4xx_ll_usb.o
                0x08007c28                USB_SetTurnaroundTime
 .text.USB_EnableGlobalInt
                0x08007d6c       0x22 ./Drivers/STM32F4xx_HAL_Driver/Src/stm32f4xx_ll_usb.o
                0x08007d6c                USB_EnableGlobalInt
 .text.USB_DisableGlobalInt
                0x08007d8e       0x22 ./Drivers/STM32F4xx_HAL_Driver/Src/stm32f4xx_ll_usb.o
                0x08007d8e                USB_DisableGlobalInt
 .text.USB_SetCurrentMode
                0x08007db0       0x98 ./Drivers/STM32F4xx_HAL_Driver/Src/stm32f4xx_ll_usb.o
                0x08007db0                USB_SetCurrentMode
 .text.USB_DevInit
                0x08007e48      0x2c8 ./Drivers/STM32F4xx_HAL_Driver/Src/stm32f4xx_ll_usb.o
                0x08007e48                USB_DevInit
 .text.USB_FlushTxFifo
                0x08008110       0x64 ./Drivers/STM32F4xx_HAL_Driver/Src/stm32f4xx_ll_usb.o
                0x08008110                USB_FlushTxFifo
 .text.USB_FlushRxFifo
                0x08008174       0x5c ./Drivers/STM32F4xx_HAL_Driver/Src/stm32f4xx_ll_usb.o
                0x08008174                USB_FlushRxFifo
 .text.USB_SetDevSpeed
                0x080081d0       0x32 ./Drivers/STM32F4xx_HAL_Driver/Src/stm32f4xx_ll_usb.o
                0x080081d0                USB_SetDevSpeed
 .text.USB_GetDevSpeed
                0x08008202       0x4a ./Drivers/STM32F4xx_HAL_Driver/Src/stm32f4xx_ll_usb.o
                0x08008202                USB_GetDevSpeed
 .text.USB_ActivateEndpoint
                0x0800824c      0x10e ./Drivers/STM32F4xx_HAL_Driver/Src/stm32f4xx_ll_usb.o
                0x0800824c                USB_ActivateEndpoint
 *fill*         0x0800835a        0x2 
 .text.USB_DeactivateEndpoint
                0x0800835c      0x1b8 ./Drivers/STM32F4xx_HAL_Driver/Src/stm32f4xx_ll_usb.o
                0x0800835c                USB_DeactivateEndpoint
 .text.USB_EPStartXfer
                0x08008514      0x53c ./Drivers/STM32F4xx_HAL_Driver/Src/stm32f4xx_ll_usb.o
                0x08008514                USB_EPStartXfer
 .text.USB_EPStopXfer
                0x08008a50      0x154 ./Drivers/STM32F4xx_HAL_Driver/Src/stm32f4xx_ll_usb.o
                0x08008a50                USB_EPStopXfer
 .text.USB_WritePacket
                0x08008ba4       0x7c ./Drivers/STM32F4xx_HAL_Driver/Src/stm32f4xx_ll_usb.o
                0x08008ba4                USB_WritePacket
 .text.USB_ReadPacket
                0x08008c20       0xb0 ./Drivers/STM32F4xx_HAL_Driver/Src/stm32f4xx_ll_usb.o
                0x08008c20                USB_ReadPacket
 .text.USB_EPSetStall
                0x08008cd0       0xdc ./Drivers/STM32F4xx_HAL_Driver/Src/stm32f4xx_ll_usb.o
                0x08008cd0                USB_EPSetStall
 .text.USB_EPClearStall
                0x08008dac       0xcc ./Drivers/STM32F4xx_HAL_Driver/Src/stm32f4xx_ll_usb.o
                0x08008dac                USB_EPClearStall
 .text.USB_SetDevAddress
                0x08008e78       0x4c ./Drivers/STM32F4xx_HAL_Driver/Src/stm32f4xx_ll_usb.o
                0x08008e78                USB_SetDevAddress
 .text.USB_DevConnect
                0x08008ec4       0x42 ./Drivers/STM32F4xx_HAL_Driver/Src/stm32f4xx_ll_usb.o
                0x08008ec4                USB_DevConnect
 .text.USB_DevDisconnect
                0x08008f06       0x42 ./Drivers/STM32F4xx_HAL_Driver/Src/stm32f4xx_ll_usb.o
                0x08008f06                USB_DevDisconnect
 .text.USB_ReadInterrupts
                0x08008f48       0x26 ./Drivers/STM32F4xx_HAL_Driver/Src/stm32f4xx_ll_usb.o
                0x08008f48                USB_ReadInterrupts
 .text.USB_ReadDevAllOutEpInterrupt
                0x08008f6e       0x34 ./Drivers/STM32F4xx_HAL_Driver/Src/stm32f4xx_ll_usb.o
                0x08008f6e                USB_ReadDevAllOutEpInterrupt
 .text.USB_ReadDevAllInEpInterrupt
                0x08008fa2       0x34 ./Drivers/STM32F4xx_HAL_Driver/Src/stm32f4xx_ll_usb.o
                0x08008fa2                USB_ReadDevAllInEpInterrupt
 .text.USB_ReadDevOutEPInterrupt
                0x08008fd6       0x3c ./Drivers/STM32F4xx_HAL_Driver/Src/stm32f4xx_ll_usb.o
                0x08008fd6                USB_ReadDevOutEPInterrupt
 .text.USB_ReadDevInEPInterrupt
                0x08009012       0x5c ./Drivers/STM32F4xx_HAL_Driver/Src/stm32f4xx_ll_usb.o
                0x08009012                USB_ReadDevInEPInterrupt
 .text.USB_GetMode
                0x0800906e       0x1c ./Drivers/STM32F4xx_HAL_Driver/Src/stm32f4xx_ll_usb.o
                0x0800906e                USB_GetMode
 .text.USB_ActivateSetup
                0x0800908a       0x46 ./Drivers/STM32F4xx_HAL_Driver/Src/stm32f4xx_ll_usb.o
                0x0800908a                USB_ActivateSetup
 .text.USB_EP0_OutStart
                0x080090d0       0xbc ./Drivers/STM32F4xx_HAL_Driver/Src/stm32f4xx_ll_usb.o
                0x080090d0                USB_EP0_OutStart
 .text.USB_CoreReset
                0x0800918c       0x70 ./Drivers/STM32F4xx_HAL_Driver/Src/stm32f4xx_ll_usb.o
 .text.USBD_CDC_Init
                0x080091fc      0x1f0 ./Middlewares/ST/STM32_USB_Device_Library/Class/CDC/Src/usbd_cdc.o
 .text.USBD_CDC_DeInit
                0x080093ec      0x104 ./Middlewares/ST/STM32_USB_Device_Library/Class/CDC/Src/usbd_cdc.o
 .text.USBD_CDC_Setup
                0x080094f0      0x1b8 ./Middlewares/ST/STM32_USB_Device_Library/Class/CDC/Src/usbd_cdc.o
 .text.USBD_CDC_DataIn
                0x080096a8       0xfe ./Middlewares/ST/STM32_USB_Device_Library/Class/CDC/Src/usbd_cdc.o
 .text.USBD_CDC_DataOut
                0x080097a6       0x70 ./Middlewares/ST/STM32_USB_Device_Library/Class/CDC/Src/usbd_cdc.o
 .text.USBD_CDC_EP0_RxReady
                0x08009816       0x74 ./Middlewares/ST/STM32_USB_Device_Library/Class/CDC/Src/usbd_cdc.o
 *fill*         0x0800988a        0x2 
 .text.USBD_CDC_GetFSCfgDesc
                0x0800988c       0x70 ./Middlewares/ST/STM32_USB_Device_Library/Class/CDC/Src/usbd_cdc.o
 .text.USBD_CDC_GetHSCfgDesc
                0x080098fc       0x70 ./Middlewares/ST/STM32_USB_Device_Library/Class/CDC/Src/usbd_cdc.o
 .text.USBD_CDC_GetOtherSpeedCfgDesc
                0x0800996c       0x70 ./Middlewares/ST/STM32_USB_Device_Library/Class/CDC/Src/usbd_cdc.o
 .text.USBD_CDC_GetDeviceQualifierDescriptor
                0x080099dc       0x20 ./Middlewares/ST/STM32_USB_Device_Library/Class/CDC/Src/usbd_cdc.o
                0x080099dc                USBD_CDC_GetDeviceQualifierDescriptor
 .text.USBD_CDC_RegisterInterface
                0x080099fc       0x34 ./Middlewares/ST/STM32_USB_Device_Library/Class/CDC/Src/usbd_cdc.o
                0x080099fc                USBD_CDC_RegisterInterface
 .text.USBD_CDC_SetTxBuffer
                0x08009a30       0x44 ./Middlewares/ST/STM32_USB_Device_Library/Class/CDC/Src/usbd_cdc.o
                0x08009a30                USBD_CDC_SetTxBuffer
 .text.USBD_CDC_SetRxBuffer
                0x08009a74       0x3a ./Middlewares/ST/STM32_USB_Device_Library/Class/CDC/Src/usbd_cdc.o
                0x08009a74                USBD_CDC_SetRxBuffer
 *fill*         0x08009aae        0x2 
 .text.USBD_CDC_TransmitPacket
                0x08009ab0       0x80 ./Middlewares/ST/STM32_USB_Device_Library/Class/CDC/Src/usbd_cdc.o
                0x08009ab0                USBD_CDC_TransmitPacket
 .text.USBD_CDC_ReceivePacket
                0x08009b30       0x6c ./Middlewares/ST/STM32_USB_Device_Library/Class/CDC/Src/usbd_cdc.o
                0x08009b30                USBD_CDC_ReceivePacket
 .text.USBD_Init
                0x08009b9c       0x60 ./Middlewares/ST/STM32_USB_Device_Library/Core/Src/usbd_core.o
                0x08009b9c                USBD_Init
 .text.USBD_RegisterClass
                0x08009bfc       0x6c ./Middlewares/ST/STM32_USB_Device_Library/Core/Src/usbd_core.o
                0x08009bfc                USBD_RegisterClass
 .text.USBD_Start
                0x08009c68       0x18 ./Middlewares/ST/STM32_USB_Device_Library/Core/Src/usbd_core.o
                0x08009c68                USBD_Start
 .text.USBD_RunTestMode
                0x08009c80       0x16 ./Middlewares/ST/STM32_USB_Device_Library/Core/Src/usbd_core.o
                0x08009c80                USBD_RunTestMode
 .text.USBD_SetClassConfig
                0x08009c96       0x38 ./Middlewares/ST/STM32_USB_Device_Library/Core/Src/usbd_core.o
                0x08009c96                USBD_SetClassConfig
 .text.USBD_ClrClassConfig
                0x08009cce       0x34 ./Middlewares/ST/STM32_USB_Device_Library/Core/Src/usbd_core.o
                0x08009cce                USBD_ClrClassConfig
 .text.USBD_LL_SetupStage
                0x08009d02       0xaa ./Middlewares/ST/STM32_USB_Device_Library/Core/Src/usbd_core.o
                0x08009d02                USBD_LL_SetupStage
 .text.USBD_LL_DataOutStage
                0x08009dac      0x178 ./Middlewares/ST/STM32_USB_Device_Library/Core/Src/usbd_core.o
                0x08009dac                USBD_LL_DataOutStage
 .text.USBD_LL_DataInStage
                0x08009f24      0x176 ./Middlewares/ST/STM32_USB_Device_Library/Core/Src/usbd_core.o
                0x08009f24                USBD_LL_DataInStage
 .text.USBD_LL_Reset
                0x0800a09a       0xa6 ./Middlewares/ST/STM32_USB_Device_Library/Core/Src/usbd_core.o
                0x0800a09a                USBD_LL_Reset
 .text.USBD_LL_SetSpeed
                0x0800a140       0x20 ./Middlewares/ST/STM32_USB_Device_Library/Core/Src/usbd_core.o
                0x0800a140                USBD_LL_SetSpeed
 .text.USBD_LL_Suspend
                0x0800a160       0x38 ./Middlewares/ST/STM32_USB_Device_Library/Core/Src/usbd_core.o
                0x0800a160                USBD_LL_Suspend
 .text.USBD_LL_Resume
                0x0800a198       0x30 ./Middlewares/ST/STM32_USB_Device_Library/Core/Src/usbd_core.o
                0x0800a198                USBD_LL_Resume
 .text.USBD_LL_SOF
                0x0800a1c8       0x40 ./Middlewares/ST/STM32_USB_Device_Library/Core/Src/usbd_core.o
                0x0800a1c8                USBD_LL_SOF
 .text.USBD_LL_IsoINIncomplete
                0x0800a208       0x64 ./Middlewares/ST/STM32_USB_Device_Library/Core/Src/usbd_core.o
                0x0800a208                USBD_LL_IsoINIncomplete
 .text.USBD_LL_IsoOUTIncomplete
                0x0800a26c       0x64 ./Middlewares/ST/STM32_USB_Device_Library/Core/Src/usbd_core.o
                0x0800a26c                USBD_LL_IsoOUTIncomplete
 .text.USBD_LL_DevConnected
                0x0800a2d0       0x16 ./Middlewares/ST/STM32_USB_Device_Library/Core/Src/usbd_core.o
                0x0800a2d0                USBD_LL_DevConnected
 .text.USBD_LL_DevDisconnected
                0x0800a2e6       0x46 ./Middlewares/ST/STM32_USB_Device_Library/Core/Src/usbd_core.o
                0x0800a2e6                USBD_LL_DevDisconnected
 .text.USBD_CoreFindIF
                0x0800a32c       0x1a ./Middlewares/ST/STM32_USB_Device_Library/Core/Src/usbd_core.o
                0x0800a32c                USBD_CoreFindIF
 .text.USBD_CoreFindEP
                0x0800a346       0x1a ./Middlewares/ST/STM32_USB_Device_Library/Core/Src/usbd_core.o
                0x0800a346                USBD_CoreFindEP
 .text.USBD_GetEpDesc
                0x0800a360       0x70 ./Middlewares/ST/STM32_USB_Device_Library/Core/Src/usbd_core.o
                0x0800a360                USBD_GetEpDesc
 .text.USBD_GetNextDesc
                0x0800a3d0       0x38 ./Middlewares/ST/STM32_USB_Device_Library/Core/Src/usbd_core.o
                0x0800a3d0                USBD_GetNextDesc
 .text.SWAPBYTE
                0x0800a408       0x3e ./Middlewares/ST/STM32_USB_Device_Library/Core/Src/usbd_ctlreq.o
 *fill*         0x0800a446        0x2 
 .text.USBD_StdDevReq
                0x0800a448       0xe4 ./Middlewares/ST/STM32_USB_Device_Library/Core/Src/usbd_ctlreq.o
                0x0800a448                USBD_StdDevReq
 .text.USBD_StdItfReq
                0x0800a52c       0xd8 ./Middlewares/ST/STM32_USB_Device_Library/Core/Src/usbd_ctlreq.o
                0x0800a52c                USBD_StdItfReq
 .text.USBD_StdEPReq
                0x0800a604      0x33e ./Middlewares/ST/STM32_USB_Device_Library/Core/Src/usbd_ctlreq.o
                0x0800a604                USBD_StdEPReq
 *fill*         0x0800a942        0x2 
 .text.USBD_GetDescriptor
                0x0800a944      0x2d4 ./Middlewares/ST/STM32_USB_Device_Library/Core/Src/usbd_ctlreq.o
 .text.USBD_SetAddress
                0x0800ac18       0x88 ./Middlewares/ST/STM32_USB_Device_Library/Core/Src/usbd_ctlreq.o
 .text.USBD_SetConfig
                0x0800aca0      0x154 ./Middlewares/ST/STM32_USB_Device_Library/Core/Src/usbd_ctlreq.o
 .text.USBD_GetConfig
                0x0800adf4       0x6c ./Middlewares/ST/STM32_USB_Device_Library/Core/Src/usbd_ctlreq.o
 .text.USBD_GetStatus
                0x0800ae60       0x68 ./Middlewares/ST/STM32_USB_Device_Library/Core/Src/usbd_ctlreq.o
 .text.USBD_SetFeature
                0x0800aec8       0x52 ./Middlewares/ST/STM32_USB_Device_Library/Core/Src/usbd_ctlreq.o
 .text.USBD_ClrFeature
                0x0800af1a       0x44 ./Middlewares/ST/STM32_USB_Device_Library/Core/Src/usbd_ctlreq.o
 .text.USBD_ParseSetupRequest
                0x0800af5e       0x74 ./Middlewares/ST/STM32_USB_Device_Library/Core/Src/usbd_ctlreq.o
                0x0800af5e                USBD_ParseSetupRequest
 .text.USBD_CtlError
                0x0800afd2       0x22 ./Middlewares/ST/STM32_USB_Device_Library/Core/Src/usbd_ctlreq.o
                0x0800afd2                USBD_CtlError
 .text.USBD_GetString
                0x0800aff4       0xa4 ./Middlewares/ST/STM32_USB_Device_Library/Core/Src/usbd_ctlreq.o
                0x0800aff4                USBD_GetString
 .text.USBD_GetLen
                0x0800b098       0x34 ./Middlewares/ST/STM32_USB_Device_Library/Core/Src/usbd_ctlreq.o
 .text.USBD_CtlSendData
                0x0800b0cc       0x3c ./Middlewares/ST/STM32_USB_Device_Library/Core/Src/usbd_ioreq.o
                0x0800b0cc                USBD_CtlSendData
 .text.USBD_CtlContinueSendData
                0x0800b108       0x22 ./Middlewares/ST/STM32_USB_Device_Library/Core/Src/usbd_ioreq.o
                0x0800b108                USBD_CtlContinueSendData
 .text.USBD_CtlPrepareRx
                0x0800b12a       0x42 ./Middlewares/ST/STM32_USB_Device_Library/Core/Src/usbd_ioreq.o
                0x0800b12a                USBD_CtlPrepareRx
 .text.USBD_CtlContinueRx
                0x0800b16c       0x22 ./Middlewares/ST/STM32_USB_Device_Library/Core/Src/usbd_ioreq.o
                0x0800b16c                USBD_CtlContinueRx
 .text.USBD_CtlSendStatus
                0x0800b18e       0x26 ./Middlewares/ST/STM32_USB_Device_Library/Core/Src/usbd_ioreq.o
                0x0800b18e                USBD_CtlSendStatus
 .text.USBD_CtlReceiveStatus
                0x0800b1b4       0x26 ./Middlewares/ST/STM32_USB_Device_Library/Core/Src/usbd_ioreq.o
                0x0800b1b4                USBD_CtlReceiveStatus
 *fill*         0x0800b1da        0x2 
 .text.__NVIC_SetPriority
                0x0800b1dc       0x54 ./Middlewares/Third_Party/FreeRTOS/Source/CMSIS_RTOS_V2/cmsis_os2.o
 .text.SysTick_Handler
                0x0800b230       0x20 ./Middlewares/Third_Party/FreeRTOS/Source/CMSIS_RTOS_V2/cmsis_os2.o
                0x0800b230                SysTick_Handler
 .text.SVC_Setup
                0x0800b250       0x12 ./Middlewares/Third_Party/FreeRTOS/Source/CMSIS_RTOS_V2/cmsis_os2.o
 *fill*         0x0800b262        0x2 
 .text.osKernelInitialize
                0x0800b264       0x48 ./Middlewares/Third_Party/FreeRTOS/Source/CMSIS_RTOS_V2/cmsis_os2.o
                0x0800b264                osKernelInitialize
 .text.osKernelStart
                0x0800b2ac       0x4c ./Middlewares/Third_Party/FreeRTOS/Source/CMSIS_RTOS_V2/cmsis_os2.o
                0x0800b2ac                osKernelStart
 .text.osKernelGetTickCount
                0x0800b2f8       0x2a ./Middlewares/Third_Party/FreeRTOS/Source/CMSIS_RTOS_V2/cmsis_os2.o
                0x0800b2f8                osKernelGetTickCount
 .text.osThreadNew
                0x0800b322      0x124 ./Middlewares/Third_Party/FreeRTOS/Source/CMSIS_RTOS_V2/cmsis_os2.o
                0x0800b322                osThreadNew
 .text.osDelayUntil
                0x0800b446       0x5a ./Middlewares/Third_Party/FreeRTOS/Source/CMSIS_RTOS_V2/cmsis_os2.o
                0x0800b446                osDelayUntil
 .text.osSemaphoreNew
                0x0800b4a0      0x112 ./Middlewares/Third_Party/FreeRTOS/Source/CMSIS_RTOS_V2/cmsis_os2.o
                0x0800b4a0                osSemaphoreNew
 *fill*         0x0800b5b2        0x2 
 .text.osSemaphoreAcquire
                0x0800b5b4       0xa4 ./Middlewares/Third_Party/FreeRTOS/Source/CMSIS_RTOS_V2/cmsis_os2.o
                0x0800b5b4                osSemaphoreAcquire
 .text.osSemaphoreRelease
                0x0800b658       0x88 ./Middlewares/Third_Party/FreeRTOS/Source/CMSIS_RTOS_V2/cmsis_os2.o
                0x0800b658                osSemaphoreRelease
 .text.vApplicationGetIdleTaskMemory
                0x0800b6e0       0x34 ./Middlewares/Third_Party/FreeRTOS/Source/CMSIS_RTOS_V2/cmsis_os2.o
                0x0800b6e0                vApplicationGetIdleTaskMemory
 .text.vApplicationGetTimerTaskMemory
                0x0800b714       0x34 ./Middlewares/Third_Party/FreeRTOS/Source/CMSIS_RTOS_V2/cmsis_os2.o
                0x0800b714                vApplicationGetTimerTaskMemory
 .text.vListInitialise
                0x0800b748       0x40 ./Middlewares/Third_Party/FreeRTOS/Source/list.o
                0x0800b748                vListInitialise
 .text.vListInitialiseItem
                0x0800b788       0x1a ./Middlewares/Third_Party/FreeRTOS/Source/list.o
                0x0800b788                vListInitialiseItem
 .text.vListInsertEnd
                0x0800b7a2       0x48 ./Middlewares/Third_Party/FreeRTOS/Source/list.o
                0x0800b7a2                vListInsertEnd
 .text.vListInsert
                0x0800b7ea       0x72 ./Middlewares/Third_Party/FreeRTOS/Source/list.o
                0x0800b7ea                vListInsert
 .text.uxListRemove
                0x0800b85c       0x54 ./Middlewares/Third_Party/FreeRTOS/Source/list.o
                0x0800b85c                uxListRemove
 .text.xQueueGenericReset
                0x0800b8b0       0xd4 ./Middlewares/Third_Party/FreeRTOS/Source/queue.o
                0x0800b8b0                xQueueGenericReset
 .text.xQueueGenericCreateStatic
                0x0800b984       0xfa ./Middlewares/Third_Party/FreeRTOS/Source/queue.o
                0x0800b984                xQueueGenericCreateStatic
 .text.xQueueGenericCreate
                0x0800ba7e       0x76 ./Middlewares/Third_Party/FreeRTOS/Source/queue.o
                0x0800ba7e                xQueueGenericCreate
 .text.prvInitialiseNewQueue
                0x0800baf4       0x46 ./Middlewares/Third_Party/FreeRTOS/Source/queue.o
 .text.xQueueCreateCountingSemaphoreStatic
                0x0800bb3a       0x72 ./Middlewares/Third_Party/FreeRTOS/Source/queue.o
                0x0800bb3a                xQueueCreateCountingSemaphoreStatic
 .text.xQueueCreateCountingSemaphore
                0x0800bbac       0x6a ./Middlewares/Third_Party/FreeRTOS/Source/queue.o
                0x0800bbac                xQueueCreateCountingSemaphore
 *fill*         0x0800bc16        0x2 
 .text.xQueueGenericSend
                0x0800bc18      0x204 ./Middlewares/Third_Party/FreeRTOS/Source/queue.o
                0x0800bc18                xQueueGenericSend
 .text.xQueueGenericSendFromISR
                0x0800be1c      0x13c ./Middlewares/Third_Party/FreeRTOS/Source/queue.o
                0x0800be1c                xQueueGenericSendFromISR
 .text.xQueueGiveFromISR
                0x0800bf58      0x120 ./Middlewares/Third_Party/FreeRTOS/Source/queue.o
                0x0800bf58                xQueueGiveFromISR
 .text.xQueueReceive
                0x0800c078      0x1c4 ./Middlewares/Third_Party/FreeRTOS/Source/queue.o
                0x0800c078                xQueueReceive
 .text.xQueueSemaphoreTake
                0x0800c23c      0x220 ./Middlewares/Third_Party/FreeRTOS/Source/queue.o
                0x0800c23c                xQueueSemaphoreTake
 .text.xQueueReceiveFromISR
                0x0800c45c      0x104 ./Middlewares/Third_Party/FreeRTOS/Source/queue.o
                0x0800c45c                xQueueReceiveFromISR
 .text.vQueueDelete
                0x0800c560       0x48 ./Middlewares/Third_Party/FreeRTOS/Source/queue.o
                0x0800c560                vQueueDelete
 .text.prvGetDisinheritPriorityAfterTimeout
                0x0800c5a8       0x30 ./Middlewares/Third_Party/FreeRTOS/Source/queue.o
 .text.prvCopyDataToQueue
                0x0800c5d8       0xd4 ./Middlewares/Third_Party/FreeRTOS/Source/queue.o
 .text.prvCopyDataFromQueue
                0x0800c6ac       0x4c ./Middlewares/Third_Party/FreeRTOS/Source/queue.o
 .text.prvUnlockQueue
                0x0800c6f8       0xa4 ./Middlewares/Third_Party/FreeRTOS/Source/queue.o
 .text.prvIsQueueEmpty
                0x0800c79c       0x2c ./Middlewares/Third_Party/FreeRTOS/Source/queue.o
 .text.prvIsQueueFull
                0x0800c7c8       0x30 ./Middlewares/Third_Party/FreeRTOS/Source/queue.o
 .text.vQueueAddToRegistry
                0x0800c7f8       0x54 ./Middlewares/Third_Party/FreeRTOS/Source/queue.o
                0x0800c7f8                vQueueAddToRegistry
 .text.vQueueUnregisterQueue
                0x0800c84c       0x54 ./Middlewares/Third_Party/FreeRTOS/Source/queue.o
                0x0800c84c                vQueueUnregisterQueue
 .text.vQueueWaitForMessageRestricted
                0x0800c8a0       0x68 ./Middlewares/Third_Party/FreeRTOS/Source/queue.o
                0x0800c8a0                vQueueWaitForMessageRestricted
 .text.xTaskCreateStatic
                0x0800c908       0xc0 ./Middlewares/Third_Party/FreeRTOS/Source/tasks.o
                0x0800c908                xTaskCreateStatic
 .text.xTaskCreate
                0x0800c9c8       0x8a ./Middlewares/Third_Party/FreeRTOS/Source/tasks.o
                0x0800c9c8                xTaskCreate
 .text.prvInitialiseNewTask
                0x0800ca52      0x120 ./Middlewares/Third_Party/FreeRTOS/Source/tasks.o
 *fill*         0x0800cb72        0x2 
 .text.prvAddNewTaskToReadyList
                0x0800cb74       0xe0 ./Middlewares/Third_Party/FreeRTOS/Source/tasks.o
 .text.vTaskDelayUntil
                0x0800cc54      0x100 ./Middlewares/Third_Party/FreeRTOS/Source/tasks.o
                0x0800cc54                vTaskDelayUntil
 .text.vTaskStartScheduler
                0x0800cd54       0xd0 ./Middlewares/Third_Party/FreeRTOS/Source/tasks.o
                0x0800cd54                vTaskStartScheduler
 .text.vTaskSuspendAll
                0x0800ce24       0x1c ./Middlewares/Third_Party/FreeRTOS/Source/tasks.o
                0x0800ce24                vTaskSuspendAll
 .text.xTaskResumeAll
                0x0800ce40      0x13c ./Middlewares/Third_Party/FreeRTOS/Source/tasks.o
                0x0800ce40                xTaskResumeAll
 .text.xTaskGetTickCount
                0x0800cf7c       0x20 ./Middlewares/Third_Party/FreeRTOS/Source/tasks.o
                0x0800cf7c                xTaskGetTickCount
 .text.xTaskGetTickCountFromISR
                0x0800cf9c       0x24 ./Middlewares/Third_Party/FreeRTOS/Source/tasks.o
                0x0800cf9c                xTaskGetTickCountFromISR
 .text.xTaskIncrementTick
                0x0800cfc0      0x174 ./Middlewares/Third_Party/FreeRTOS/Source/tasks.o
                0x0800cfc0                xTaskIncrementTick
 .text.vTaskSwitchContext
                0x0800d134       0xbc ./Middlewares/Third_Party/FreeRTOS/Source/tasks.o
                0x0800d134                vTaskSwitchContext
 .text.vTaskPlaceOnEventList
                0x0800d1f0       0x4c ./Middlewares/Third_Party/FreeRTOS/Source/tasks.o
                0x0800d1f0                vTaskPlaceOnEventList
 .text.vTaskPlaceOnEventListRestricted
                0x0800d23c       0x58 ./Middlewares/Third_Party/FreeRTOS/Source/tasks.o
                0x0800d23c                vTaskPlaceOnEventListRestricted
 .text.xTaskRemoveFromEventList
                0x0800d294       0xc8 ./Middlewares/Third_Party/FreeRTOS/Source/tasks.o
                0x0800d294                xTaskRemoveFromEventList
 .text.vTaskInternalSetTimeOutState
                0x0800d35c       0x2c ./Middlewares/Third_Party/FreeRTOS/Source/tasks.o
                0x0800d35c                vTaskInternalSetTimeOutState
 .text.xTaskCheckForTimeOut
                0x0800d388       0xc8 ./Middlewares/Third_Party/FreeRTOS/Source/tasks.o
                0x0800d388                xTaskCheckForTimeOut
 .text.vTaskMissedYield
                0x0800d450       0x18 ./Middlewares/Third_Party/FreeRTOS/Source/tasks.o
                0x0800d450                vTaskMissedYield
 .text.prvIdleTask
                0x0800d468       0x30 ./Middlewares/Third_Party/FreeRTOS/Source/tasks.o
 .text.prvInitialiseTaskLists
                0x0800d498       0x80 ./Middlewares/Third_Party/FreeRTOS/Source/tasks.o
 .text.prvCheckTasksWaitingTermination
                0x0800d518       0x5c ./Middlewares/Third_Party/FreeRTOS/Source/tasks.o
 .text.prvDeleteTCB
                0x0800d574       0x60 ./Middlewares/Third_Party/FreeRTOS/Source/tasks.o
 .text.prvResetNextTaskUnblockTime
                0x0800d5d4       0x40 ./Middlewares/Third_Party/FreeRTOS/Source/tasks.o
 .text.xTaskGetSchedulerState
                0x0800d614       0x3c ./Middlewares/Third_Party/FreeRTOS/Source/tasks.o
                0x0800d614                xTaskGetSchedulerState
 .text.xTaskPriorityInherit
                0x0800d650       0xd0 ./Middlewares/Third_Party/FreeRTOS/Source/tasks.o
                0x0800d650                xTaskPriorityInherit
 .text.xTaskPriorityDisinherit
                0x0800d720       0xe0 ./Middlewares/Third_Party/FreeRTOS/Source/tasks.o
                0x0800d720                xTaskPriorityDisinherit
 .text.vTaskPriorityDisinheritAfterTimeout
                0x0800d800      0x108 ./Middlewares/Third_Party/FreeRTOS/Source/tasks.o
                0x0800d800                vTaskPriorityDisinheritAfterTimeout
 .text.pvTaskIncrementMutexHeldCount
                0x0800d908       0x28 ./Middlewares/Third_Party/FreeRTOS/Source/tasks.o
                0x0800d908                pvTaskIncrementMutexHeldCount
 .text.prvAddCurrentTaskToDelayedList
                0x0800d930       0xa8 ./Middlewares/Third_Party/FreeRTOS/Source/tasks.o
 .text.xTimerCreateTimerTask
                0x0800d9d8       0x94 ./Middlewares/Third_Party/FreeRTOS/Source/timers.o
                0x0800d9d8                xTimerCreateTimerTask
 .text.xTimerGenericCommand
                0x0800da6c       0x9c ./Middlewares/Third_Party/FreeRTOS/Source/timers.o
                0x0800da6c                xTimerGenericCommand
 .text.prvProcessExpiredTimer
                0x0800db08       0x9c ./Middlewares/Third_Party/FreeRTOS/Source/timers.o
 .text.prvTimerTask
                0x0800dba4       0x26 ./Middlewares/Third_Party/FreeRTOS/Source/timers.o
 *fill*         0x0800dbca        0x2 
 .text.prvProcessTimerOrBlockTask
                0x0800dbcc       0x9c ./Middlewares/Third_Party/FreeRTOS/Source/timers.o
 .text.prvGetNextExpireTime
                0x0800dc68       0x48 ./Middlewares/Third_Party/FreeRTOS/Source/timers.o
 .text.prvSampleTimeNow
                0x0800dcb0       0x40 ./Middlewares/Third_Party/FreeRTOS/Source/timers.o
 .text.prvInsertTimerInActiveList
                0x0800dcf0       0x84 ./Middlewares/Third_Party/FreeRTOS/Source/timers.o
 .text.prvProcessReceivedCommands
                0x0800dd74      0x1cc ./Middlewares/Third_Party/FreeRTOS/Source/timers.o
 .text.prvSwitchTimerLists
                0x0800df40       0xcc ./Middlewares/Third_Party/FreeRTOS/Source/timers.o
 .text.prvCheckForValidListAndQueue
                0x0800e00c       0x80 ./Middlewares/Third_Party/FreeRTOS/Source/timers.o
 .text.pxPortInitialiseStack
                0x0800e08c       0x68 ./Middlewares/Third_Party/FreeRTOS/Source/portable/GCC/ARM_CM4F/port.o
                0x0800e08c                pxPortInitialiseStack
 .text.prvTaskExitError
                0x0800e0f4       0x5c ./Middlewares/Third_Party/FreeRTOS/Source/portable/GCC/ARM_CM4F/port.o
 .text.SVC_Handler
                0x0800e150       0x28 ./Middlewares/Third_Party/FreeRTOS/Source/portable/GCC/ARM_CM4F/port.o
                0x0800e150                SVC_Handler
 .text.prvPortStartFirstTask
                0x0800e178       0x28 ./Middlewares/Third_Party/FreeRTOS/Source/portable/GCC/ARM_CM4F/port.o
 .text.xPortStartScheduler
                0x0800e1a0      0x148 ./Middlewares/Third_Party/FreeRTOS/Source/portable/GCC/ARM_CM4F/port.o
                0x0800e1a0                xPortStartScheduler
 .text.vPortEnterCritical
                0x0800e2e8       0x64 ./Middlewares/Third_Party/FreeRTOS/Source/portable/GCC/ARM_CM4F/port.o
                0x0800e2e8                vPortEnterCritical
 .text.vPortExitCritical
                0x0800e34c       0x54 ./Middlewares/Third_Party/FreeRTOS/Source/portable/GCC/ARM_CM4F/port.o
                0x0800e34c                vPortExitCritical
 .text.PendSV_Handler
                0x0800e3a0       0x68 ./Middlewares/Third_Party/FreeRTOS/Source/portable/GCC/ARM_CM4F/port.o
                0x0800e3a0                PendSV_Handler
 .text.xPortSysTickHandler
                0x0800e408       0x44 ./Middlewares/Third_Party/FreeRTOS/Source/portable/GCC/ARM_CM4F/port.o
                0x0800e408                xPortSysTickHandler
 .text.vPortSetupTimerInterrupt
                0x0800e44c       0x48 ./Middlewares/Third_Party/FreeRTOS/Source/portable/GCC/ARM_CM4F/port.o
                0x0800e44c                vPortSetupTimerInterrupt
 .text.vPortEnableVFP
                0x0800e494       0x14 ./Middlewares/Third_Party/FreeRTOS/Source/portable/GCC/ARM_CM4F/port.o
 .text.vPortValidateInterruptPriority
                0x0800e4a8       0x84 ./Middlewares/Third_Party/FreeRTOS/Source/portable/GCC/ARM_CM4F/port.o
                0x0800e4a8                vPortValidateInterruptPriority
 .text.pvPortMalloc
                0x0800e52c      0x19c ./Middlewares/Third_Party/FreeRTOS/Source/portable/MemMang/heap_4.o
                0x0800e52c                pvPortMalloc
 .text.vPortFree
                0x0800e6c8       0xc8 ./Middlewares/Third_Party/FreeRTOS/Source/portable/MemMang/heap_4.o
                0x0800e6c8                vPortFree
 .text.prvHeapInit
                0x0800e790       0xc4 ./Middlewares/Third_Party/FreeRTOS/Source/portable/MemMang/heap_4.o
 .text.prvInsertBlockIntoFreeList
                0x0800e854       0xb4 ./Middlewares/Third_Party/FreeRTOS/Source/portable/MemMang/heap_4.o
 .text.MX_USB_DEVICE_Init
                0x0800e908       0x60 ./USB_DEVICE/App/usb_device.o
                0x0800e908                MX_USB_DEVICE_Init
 .text.CDC_Init_FS
                0x0800e968       0x28 ./USB_DEVICE/App/usbd_cdc_if.o
 .text.CDC_DeInit_FS
                0x0800e990       0x10 ./USB_DEVICE/App/usbd_cdc_if.o
 .text.CDC_Control_FS
                0x0800e9a0       0xbc ./USB_DEVICE/App/usbd_cdc_if.o
 .text.CDC_Receive_FS
                0x0800ea5c       0x28 ./USB_DEVICE/App/usbd_cdc_if.o
 .text.CDC_Transmit_FS
                0x0800ea84       0x4c ./USB_DEVICE/App/usbd_cdc_if.o
                0x0800ea84                CDC_Transmit_FS
 .text.CDC_TransmitCplt_FS
                0x0800ead0       0x22 ./USB_DEVICE/App/usbd_cdc_if.o
 *fill*         0x0800eaf2        0x2 
 .text.USBD_FS_DeviceDescriptor
                0x0800eaf4       0x24 ./USB_DEVICE/App/usbd_desc.o
                0x0800eaf4                USBD_FS_DeviceDescriptor
 .text.USBD_FS_LangIDStrDescriptor
                0x0800eb18       0x24 ./USB_DEVICE/App/usbd_desc.o
                0x0800eb18                USBD_FS_LangIDStrDescriptor
 .text.USBD_FS_ProductStrDescriptor
                0x0800eb3c       0x3c ./USB_DEVICE/App/usbd_desc.o
                0x0800eb3c                USBD_FS_ProductStrDescriptor
 .text.USBD_FS_ManufacturerStrDescriptor
                0x0800eb78       0x28 ./USB_DEVICE/App/usbd_desc.o
                0x0800eb78                USBD_FS_ManufacturerStrDescriptor
 .text.USBD_FS_SerialStrDescriptor
                0x0800eba0       0x24 ./USB_DEVICE/App/usbd_desc.o
                0x0800eba0                USBD_FS_SerialStrDescriptor
 .text.USBD_FS_ConfigStrDescriptor
                0x0800ebc4       0x3c ./USB_DEVICE/App/usbd_desc.o
                0x0800ebc4                USBD_FS_ConfigStrDescriptor
 .text.USBD_FS_InterfaceStrDescriptor
                0x0800ec00       0x3c ./USB_DEVICE/App/usbd_desc.o
                0x0800ec00                USBD_FS_InterfaceStrDescriptor
 .text.Get_SerialNum
                0x0800ec3c       0x58 ./USB_DEVICE/App/usbd_desc.o
 .text.IntToUnicode
                0x0800ec94       0x7e ./USB_DEVICE/App/usbd_desc.o
 *fill*         0x0800ed12        0x2 
 .text.HAL_PCD_MspInit
                0x0800ed14       0xa8 ./USB_DEVICE/Target/usbd_conf.o
                0x0800ed14                HAL_PCD_MspInit
 .text.HAL_PCD_SetupStageCallback
                0x0800edbc       0x24 ./USB_DEVICE/Target/usbd_conf.o
                0x0800edbc                HAL_PCD_SetupStageCallback
 .text.HAL_PCD_DataOutStageCallback
                0x0800ede0       0x36 ./USB_DEVICE/Target/usbd_conf.o
                0x0800ede0                HAL_PCD_DataOutStageCallback
 .text.HAL_PCD_DataInStageCallback
                0x0800ee16       0x34 ./USB_DEVICE/Target/usbd_conf.o
                0x0800ee16                HAL_PCD_DataInStageCallback
 .text.HAL_PCD_SOFCallback
                0x0800ee4a       0x1c ./USB_DEVICE/Target/usbd_conf.o
                0x0800ee4a                HAL_PCD_SOFCallback
 .text.HAL_PCD_ResetCallback
                0x0800ee66       0x50 ./USB_DEVICE/Target/usbd_conf.o
                0x0800ee66                HAL_PCD_ResetCallback
 *fill*         0x0800eeb6        0x2 
 .text.HAL_PCD_SuspendCallback
                0x0800eeb8       0x4c ./USB_DEVICE/Target/usbd_conf.o
                0x0800eeb8                HAL_PCD_SuspendCallback
 .text.HAL_PCD_ResumeCallback
                0x0800ef04       0x1c ./USB_DEVICE/Target/usbd_conf.o
                0x0800ef04                HAL_PCD_ResumeCallback
 .text.HAL_PCD_ISOOUTIncompleteCallback
                0x0800ef20       0x24 ./USB_DEVICE/Target/usbd_conf.o
                0x0800ef20                HAL_PCD_ISOOUTIncompleteCallback
 .text.HAL_PCD_ISOINIncompleteCallback
                0x0800ef44       0x24 ./USB_DEVICE/Target/usbd_conf.o
                0x0800ef44                HAL_PCD_ISOINIncompleteCallback
 .text.HAL_PCD_ConnectCallback
                0x0800ef68       0x1c ./USB_DEVICE/Target/usbd_conf.o
                0x0800ef68                HAL_PCD_ConnectCallback
 .text.HAL_PCD_DisconnectCallback
                0x0800ef84       0x1c ./USB_DEVICE/Target/usbd_conf.o
                0x0800ef84                HAL_PCD_DisconnectCallback
 .text.USBD_LL_Init
                0x0800efa0       0x98 ./USB_DEVICE/Target/usbd_conf.o
                0x0800efa0                USBD_LL_Init
 .text.USBD_LL_Start
                0x0800f038       0x36 ./USB_DEVICE/Target/usbd_conf.o
                0x0800f038                USBD_LL_Start
 .text.USBD_LL_OpenEP
                0x0800f06e       0x4c ./USB_DEVICE/Target/usbd_conf.o
                0x0800f06e                USBD_LL_OpenEP
 .text.USBD_LL_CloseEP
                0x0800f0ba       0x3e ./USB_DEVICE/Target/usbd_conf.o
                0x0800f0ba                USBD_LL_CloseEP
 .text.USBD_LL_StallEP
                0x0800f0f8       0x3e ./USB_DEVICE/Target/usbd_conf.o
                0x0800f0f8                USBD_LL_StallEP
 .text.USBD_LL_ClearStallEP
                0x0800f136       0x3e ./USB_DEVICE/Target/usbd_conf.o
                0x0800f136                USBD_LL_ClearStallEP
 .text.USBD_LL_IsStallEP
                0x0800f174       0x58 ./USB_DEVICE/Target/usbd_conf.o
                0x0800f174                USBD_LL_IsStallEP
 .text.USBD_LL_SetUSBAddress
                0x0800f1cc       0x3e ./USB_DEVICE/Target/usbd_conf.o
                0x0800f1cc                USBD_LL_SetUSBAddress
 .text.USBD_LL_Transmit
                0x0800f20a       0x42 ./USB_DEVICE/Target/usbd_conf.o
                0x0800f20a                USBD_LL_Transmit
 .text.USBD_LL_PrepareReceive
                0x0800f24c       0x42 ./USB_DEVICE/Target/usbd_conf.o
                0x0800f24c                USBD_LL_PrepareReceive
 .text.USBD_LL_GetRxDataSize
                0x0800f28e       0x26 ./USB_DEVICE/Target/usbd_conf.o
                0x0800f28e                USBD_LL_GetRxDataSize
 .text.USBD_static_malloc
                0x0800f2b4       0x1c ./USB_DEVICE/Target/usbd_conf.o
                0x0800f2b4                USBD_static_malloc
 .text.USBD_static_free
                0x0800f2d0       0x14 ./USB_DEVICE/Target/usbd_conf.o
                0x0800f2d0                USBD_static_free
 .text.USBD_Get_USB_Status
                0x0800f2e4       0x58 ./USB_DEVICE/Target/usbd_conf.o
                0x0800f2e4                USBD_Get_USB_Status
 .text.__cvt    0x0800f33c       0xca C:/ST/STM32CubeIDE_1.19.0/STM32CubeIDE/plugins/com.st.stm32cube.ide.mcu.externaltools.gnu-tools-for-stm32.13.3.rel1.win32_1.0.0.202411081344/tools/bin/../lib/gcc/arm-none-eabi/13.3.1/../../../../arm-none-eabi/lib/thumb/v7e-m+fp/hard\libc_nano.a(libc_a-nano-vfprintf_float.o)
                0x0800f33c                __cvt
 .text.__exponent
                0x0800f406       0x74 C:/ST/STM32CubeIDE_1.19.0/STM32CubeIDE/plugins/com.st.stm32cube.ide.mcu.externaltools.gnu-tools-for-stm32.13.3.rel1.win32_1.0.0.202411081344/tools/bin/../lib/gcc/arm-none-eabi/13.3.1/../../../../arm-none-eabi/lib/thumb/v7e-m+fp/hard\libc_nano.a(libc_a-nano-vfprintf_float.o)
                0x0800f406                __exponent
 *fill*         0x0800f47a        0x2 
 .text._printf_float
                0x0800f47c      0x454 C:/ST/STM32CubeIDE_1.19.0/STM32CubeIDE/plugins/com.st.stm32cube.ide.mcu.externaltools.gnu-tools-for-stm32.13.3.rel1.win32_1.0.0.202411081344/tools/bin/../lib/gcc/arm-none-eabi/13.3.1/../../../../arm-none-eabi/lib/thumb/v7e-m+fp/hard\libc_nano.a(libc_a-nano-vfprintf_float.o)
                0x0800f47c                _printf_float
 .text._printf_common
                0x0800f8d0       0xda C:/ST/STM32CubeIDE_1.19.0/STM32CubeIDE/plugins/com.st.stm32cube.ide.mcu.externaltools.gnu-tools-for-stm32.13.3.rel1.win32_1.0.0.202411081344/tools/bin/../lib/gcc/arm-none-eabi/13.3.1/../../../../arm-none-eabi/lib/thumb/v7e-m+fp/hard\libc_nano.a(libc_a-nano-vfprintf_i.o)
                0x0800f8d0                _printf_common
 *fill*         0x0800f9aa        0x2 
 .text._printf_i
                0x0800f9ac      0x23c C:/ST/STM32CubeIDE_1.19.0/STM32CubeIDE/plugins/com.st.stm32cube.ide.mcu.externaltools.gnu-tools-for-stm32.13.3.rel1.win32_1.0.0.202411081344/tools/bin/../lib/gcc/arm-none-eabi/13.3.1/../../../../arm-none-eabi/lib/thumb/v7e-m+fp/hard\libc_nano.a(libc_a-nano-vfprintf_i.o)
                0x0800f9ac                _printf_i
 .text._scanf_float
                0x0800fbe8      0x41c C:/ST/STM32CubeIDE_1.19.0/STM32CubeIDE/plugins/com.st.stm32cube.ide.mcu.externaltools.gnu-tools-for-stm32.13.3.rel1.win32_1.0.0.202411081344/tools/bin/../lib/gcc/arm-none-eabi/13.3.1/../../../../arm-none-eabi/lib/thumb/v7e-m+fp/hard\libc_nano.a(libc_a-nano-vfscanf_float.o)
                0x0800fbe8                _scanf_float
 .text.std      0x08010004       0x6c C:/ST/STM32CubeIDE_1.19.0/STM32CubeIDE/plugins/com.st.stm32cube.ide.mcu.externaltools.gnu-tools-for-stm32.13.3.rel1.win32_1.0.0.202411081344/tools/bin/../lib/gcc/arm-none-eabi/13.3.1/../../../../arm-none-eabi/lib/thumb/v7e-m+fp/hard\libc_nano.a(libc_a-findfp.o)
 .text.stdio_exit_handler
                0x08010070       0x18 C:/ST/STM32CubeIDE_1.19.0/STM32CubeIDE/plugins/com.st.stm32cube.ide.mcu.externaltools.gnu-tools-for-stm32.13.3.rel1.win32_1.0.0.202411081344/tools/bin/../lib/gcc/arm-none-eabi/13.3.1/../../../../arm-none-eabi/lib/thumb/v7e-m+fp/hard\libc_nano.a(libc_a-findfp.o)
 .text.cleanup_stdio
                0x08010088       0x40 C:/ST/STM32CubeIDE_1.19.0/STM32CubeIDE/plugins/com.st.stm32cube.ide.mcu.externaltools.gnu-tools-for-stm32.13.3.rel1.win32_1.0.0.202411081344/tools/bin/../lib/gcc/arm-none-eabi/13.3.1/../../../../arm-none-eabi/lib/thumb/v7e-m+fp/hard\libc_nano.a(libc_a-findfp.o)
 .text.global_stdio_init.part.0
                0x080100c8       0x3c C:/ST/STM32CubeIDE_1.19.0/STM32CubeIDE/plugins/com.st.stm32cube.ide.mcu.externaltools.gnu-tools-for-stm32.13.3.rel1.win32_1.0.0.202411081344/tools/bin/../lib/gcc/arm-none-eabi/13.3.1/../../../../arm-none-eabi/lib/thumb/v7e-m+fp/hard\libc_nano.a(libc_a-findfp.o)
 .text.__sfp_lock_acquire
                0x08010104        0xc C:/ST/STM32CubeIDE_1.19.0/STM32CubeIDE/plugins/com.st.stm32cube.ide.mcu.externaltools.gnu-tools-for-stm32.13.3.rel1.win32_1.0.0.202411081344/tools/bin/../lib/gcc/arm-none-eabi/13.3.1/../../../../arm-none-eabi/lib/thumb/v7e-m+fp/hard\libc_nano.a(libc_a-findfp.o)
                0x08010104                __sfp_lock_acquire
 .text.__sfp_lock_release
                0x08010110        0xc C:/ST/STM32CubeIDE_1.19.0/STM32CubeIDE/plugins/com.st.stm32cube.ide.mcu.externaltools.gnu-tools-for-stm32.13.3.rel1.win32_1.0.0.202411081344/tools/bin/../lib/gcc/arm-none-eabi/13.3.1/../../../../arm-none-eabi/lib/thumb/v7e-m+fp/hard\libc_nano.a(libc_a-findfp.o)
                0x08010110                __sfp_lock_release
 .text.__sinit  0x0801011c       0x30 C:/ST/STM32CubeIDE_1.19.0/STM32CubeIDE/plugins/com.st.stm32cube.ide.mcu.externaltools.gnu-tools-for-stm32.13.3.rel1.win32_1.0.0.202411081344/tools/bin/../lib/gcc/arm-none-eabi/13.3.1/../../../../arm-none-eabi/lib/thumb/v7e-m+fp/hard\libc_nano.a(libc_a-findfp.o)
                0x0801011c                __sinit
 .text._fwalk_sglue
                0x0801014c       0x3c C:/ST/STM32CubeIDE_1.19.0/STM32CubeIDE/plugins/com.st.stm32cube.ide.mcu.externaltools.gnu-tools-for-stm32.13.3.rel1.win32_1.0.0.202411081344/tools/bin/../lib/gcc/arm-none-eabi/13.3.1/../../../../arm-none-eabi/lib/thumb/v7e-m+fp/hard\libc_nano.a(libc_a-fwalk.o)
                0x0801014c                _fwalk_sglue
 .text.sprintf  0x08010188       0x44 C:/ST/STM32CubeIDE_1.19.0/STM32CubeIDE/plugins/com.st.stm32cube.ide.mcu.externaltools.gnu-tools-for-stm32.13.3.rel1.win32_1.0.0.202411081344/tools/bin/../lib/gcc/arm-none-eabi/13.3.1/../../../../arm-none-eabi/lib/thumb/v7e-m+fp/hard\libc_nano.a(libc_a-sprintf.o)
                0x08010188                siprintf
                0x08010188                sprintf
 .text.__sread  0x080101cc       0x22 C:/ST/STM32CubeIDE_1.19.0/STM32CubeIDE/plugins/com.st.stm32cube.ide.mcu.externaltools.gnu-tools-for-stm32.13.3.rel1.win32_1.0.0.202411081344/tools/bin/../lib/gcc/arm-none-eabi/13.3.1/../../../../arm-none-eabi/lib/thumb/v7e-m+fp/hard\libc_nano.a(libc_a-stdio.o)
                0x080101cc                __sread
 .text.__swrite
                0x080101ee       0x38 C:/ST/STM32CubeIDE_1.19.0/STM32CubeIDE/plugins/com.st.stm32cube.ide.mcu.externaltools.gnu-tools-for-stm32.13.3.rel1.win32_1.0.0.202411081344/tools/bin/../lib/gcc/arm-none-eabi/13.3.1/../../../../arm-none-eabi/lib/thumb/v7e-m+fp/hard\libc_nano.a(libc_a-stdio.o)
                0x080101ee                __swrite
 .text.__sseek  0x08010226       0x24 C:/ST/STM32CubeIDE_1.19.0/STM32CubeIDE/plugins/com.st.stm32cube.ide.mcu.externaltools.gnu-tools-for-stm32.13.3.rel1.win32_1.0.0.202411081344/tools/bin/../lib/gcc/arm-none-eabi/13.3.1/../../../../arm-none-eabi/lib/thumb/v7e-m+fp/hard\libc_nano.a(libc_a-stdio.o)
                0x08010226                __sseek
 .text.__sclose
                0x0801024a        0x8 C:/ST/STM32CubeIDE_1.19.0/STM32CubeIDE/plugins/com.st.stm32cube.ide.mcu.externaltools.gnu-tools-for-stm32.13.3.rel1.win32_1.0.0.202411081344/tools/bin/../lib/gcc/arm-none-eabi/13.3.1/../../../../arm-none-eabi/lib/thumb/v7e-m+fp/hard\libc_nano.a(libc_a-stdio.o)
                0x0801024a                __sclose
 .text.memset   0x08010252       0x10 C:/ST/STM32CubeIDE_1.19.0/STM32CubeIDE/plugins/com.st.stm32cube.ide.mcu.externaltools.gnu-tools-for-stm32.13.3.rel1.win32_1.0.0.202411081344/tools/bin/../lib/gcc/arm-none-eabi/13.3.1/../../../../arm-none-eabi/lib/thumb/v7e-m+fp/hard\libc_nano.a(libc_a-memset.o)
                0x08010252                memset
 *fill*         0x08010262        0x2 
 .text._localeconv_r
                0x08010264        0x8 C:/ST/STM32CubeIDE_1.19.0/STM32CubeIDE/plugins/com.st.stm32cube.ide.mcu.externaltools.gnu-tools-for-stm32.13.3.rel1.win32_1.0.0.202411081344/tools/bin/../lib/gcc/arm-none-eabi/13.3.1/../../../../arm-none-eabi/lib/thumb/v7e-m+fp/hard\libc_nano.a(libc_a-localeconv.o)
                0x08010264                _localeconv_r
 .text._close_r
                0x0801026c       0x20 C:/ST/STM32CubeIDE_1.19.0/STM32CubeIDE/plugins/com.st.stm32cube.ide.mcu.externaltools.gnu-tools-for-stm32.13.3.rel1.win32_1.0.0.202411081344/tools/bin/../lib/gcc/arm-none-eabi/13.3.1/../../../../arm-none-eabi/lib/thumb/v7e-m+fp/hard\libc_nano.a(libc_a-closer.o)
                0x0801026c                _close_r
 .text._lseek_r
                0x0801028c       0x24 C:/ST/STM32CubeIDE_1.19.0/STM32CubeIDE/plugins/com.st.stm32cube.ide.mcu.externaltools.gnu-tools-for-stm32.13.3.rel1.win32_1.0.0.202411081344/tools/bin/../lib/gcc/arm-none-eabi/13.3.1/../../../../arm-none-eabi/lib/thumb/v7e-m+fp/hard\libc_nano.a(libc_a-lseekr.o)
                0x0801028c                _lseek_r
 .text._read_r  0x080102b0       0x24 C:/ST/STM32CubeIDE_1.19.0/STM32CubeIDE/plugins/com.st.stm32cube.ide.mcu.externaltools.gnu-tools-for-stm32.13.3.rel1.win32_1.0.0.202411081344/tools/bin/../lib/gcc/arm-none-eabi/13.3.1/../../../../arm-none-eabi/lib/thumb/v7e-m+fp/hard\libc_nano.a(libc_a-readr.o)
                0x080102b0                _read_r
 .text._write_r
                0x080102d4       0x24 C:/ST/STM32CubeIDE_1.19.0/STM32CubeIDE/plugins/com.st.stm32cube.ide.mcu.externaltools.gnu-tools-for-stm32.13.3.rel1.win32_1.0.0.202411081344/tools/bin/../lib/gcc/arm-none-eabi/13.3.1/../../../../arm-none-eabi/lib/thumb/v7e-m+fp/hard\libc_nano.a(libc_a-writer.o)
                0x080102d4                _write_r
 .text.__errno  0x080102f8        0xc C:/ST/STM32CubeIDE_1.19.0/STM32CubeIDE/plugins/com.st.stm32cube.ide.mcu.externaltools.gnu-tools-for-stm32.13.3.rel1.win32_1.0.0.202411081344/tools/bin/../lib/gcc/arm-none-eabi/13.3.1/../../../../arm-none-eabi/lib/thumb/v7e-m+fp/hard\libc_nano.a(libc_a-errno.o)
                0x080102f8                __errno
 .text.__libc_init_array
                0x08010304       0x48 C:/ST/STM32CubeIDE_1.19.0/STM32CubeIDE/plugins/com.st.stm32cube.ide.mcu.externaltools.gnu-tools-for-stm32.13.3.rel1.win32_1.0.0.202411081344/tools/bin/../lib/gcc/arm-none-eabi/13.3.1/../../../../arm-none-eabi/lib/thumb/v7e-m+fp/hard\libc_nano.a(libc_a-init.o)
                0x08010304                __libc_init_array
 .text.__retarget_lock_init_recursive
                0x0801034c        0x2 C:/ST/STM32CubeIDE_1.19.0/STM32CubeIDE/plugins/com.st.stm32cube.ide.mcu.externaltools.gnu-tools-for-stm32.13.3.rel1.win32_1.0.0.202411081344/tools/bin/../lib/gcc/arm-none-eabi/13.3.1/../../../../arm-none-eabi/lib/thumb/v7e-m+fp/hard\libc_nano.a(libc_a-lock.o)
                0x0801034c                __retarget_lock_init_recursive
 .text.__retarget_lock_acquire_recursive
                0x0801034e        0x2 C:/ST/STM32CubeIDE_1.19.0/STM32CubeIDE/plugins/com.st.stm32cube.ide.mcu.externaltools.gnu-tools-for-stm32.13.3.rel1.win32_1.0.0.202411081344/tools/bin/../lib/gcc/arm-none-eabi/13.3.1/../../../../arm-none-eabi/lib/thumb/v7e-m+fp/hard\libc_nano.a(libc_a-lock.o)
                0x0801034e                __retarget_lock_acquire_recursive
 .text.__retarget_lock_release_recursive
                0x08010350        0x2 C:/ST/STM32CubeIDE_1.19.0/STM32CubeIDE/plugins/com.st.stm32cube.ide.mcu.externaltools.gnu-tools-for-stm32.13.3.rel1.win32_1.0.0.202411081344/tools/bin/../lib/gcc/arm-none-eabi/13.3.1/../../../../arm-none-eabi/lib/thumb/v7e-m+fp/hard\libc_nano.a(libc_a-lock.o)
                0x08010350                __retarget_lock_release_recursive
 .text.memcpy   0x08010352       0x1c C:/ST/STM32CubeIDE_1.19.0/STM32CubeIDE/plugins/com.st.stm32cube.ide.mcu.externaltools.gnu-tools-for-stm32.13.3.rel1.win32_1.0.0.202411081344/tools/bin/../lib/gcc/arm-none-eabi/13.3.1/../../../../arm-none-eabi/lib/thumb/v7e-m+fp/hard\libc_nano.a(libc_a-memcpy-stub.o)
                0x08010352                memcpy
 *fill*         0x0801036e        0x2 
 .text.nanf     0x08010370        0xc C:/ST/STM32CubeIDE_1.19.0/STM32CubeIDE/plugins/com.st.stm32cube.ide.mcu.externaltools.gnu-tools-for-stm32.13.3.rel1.win32_1.0.0.202411081344/tools/bin/../lib/gcc/arm-none-eabi/13.3.1/../../../../arm-none-eabi/lib/thumb/v7e-m+fp/hard\libc_nano.a(libm_a-sf_nan.o)
                0x08010370                nanf
 .text.quorem   0x0801037c      0x110 C:/ST/STM32CubeIDE_1.19.0/STM32CubeIDE/plugins/com.st.stm32cube.ide.mcu.externaltools.gnu-tools-for-stm32.13.3.rel1.win32_1.0.0.202411081344/tools/bin/../lib/gcc/arm-none-eabi/13.3.1/../../../../arm-none-eabi/lib/thumb/v7e-m+fp/hard\libc_nano.a(libc_a-dtoa.o)
 *fill*         0x0801048c        0x4 
 .text._dtoa_r  0x08010490      0xba0 C:/ST/STM32CubeIDE_1.19.0/STM32CubeIDE/plugins/com.st.stm32cube.ide.mcu.externaltools.gnu-tools-for-stm32.13.3.rel1.win32_1.0.0.202411081344/tools/bin/../lib/gcc/arm-none-eabi/13.3.1/../../../../arm-none-eabi/lib/thumb/v7e-m+fp/hard\libc_nano.a(libc_a-dtoa.o)
                0x08010490                _dtoa_r
 .text._free_r  0x08011030       0x94 C:/ST/STM32CubeIDE_1.19.0/STM32CubeIDE/plugins/com.st.stm32cube.ide.mcu.externaltools.gnu-tools-for-stm32.13.3.rel1.win32_1.0.0.202411081344/tools/bin/../lib/gcc/arm-none-eabi/13.3.1/../../../../arm-none-eabi/lib/thumb/v7e-m+fp/hard\libc_nano.a(libc_a-freer.o)
                0x08011030                _free_r
 .text.malloc   0x080110c4       0x10 C:/ST/STM32CubeIDE_1.19.0/STM32CubeIDE/plugins/com.st.stm32cube.ide.mcu.externaltools.gnu-tools-for-stm32.13.3.rel1.win32_1.0.0.202411081344/tools/bin/../lib/gcc/arm-none-eabi/13.3.1/../../../../arm-none-eabi/lib/thumb/v7e-m+fp/hard\libc_nano.a(libc_a-malloc.o)
                0x080110c4                malloc
 .text.sbrk_aligned
                0x080110d4       0x44 C:/ST/STM32CubeIDE_1.19.0/STM32CubeIDE/plugins/com.st.stm32cube.ide.mcu.externaltools.gnu-tools-for-stm32.13.3.rel1.win32_1.0.0.202411081344/tools/bin/../lib/gcc/arm-none-eabi/13.3.1/../../../../arm-none-eabi/lib/thumb/v7e-m+fp/hard\libc_nano.a(libc_a-mallocr.o)
 .text._malloc_r
                0x08011118      0x100 C:/ST/STM32CubeIDE_1.19.0/STM32CubeIDE/plugins/com.st.stm32cube.ide.mcu.externaltools.gnu-tools-for-stm32.13.3.rel1.win32_1.0.0.202411081344/tools/bin/../lib/gcc/arm-none-eabi/13.3.1/../../../../arm-none-eabi/lib/thumb/v7e-m+fp/hard\libc_nano.a(libc_a-mallocr.o)
                0x08011118                _malloc_r
 .text.__malloc_lock
                0x08011218        0xc C:/ST/STM32CubeIDE_1.19.0/STM32CubeIDE/plugins/com.st.stm32cube.ide.mcu.externaltools.gnu-tools-for-stm32.13.3.rel1.win32_1.0.0.202411081344/tools/bin/../lib/gcc/arm-none-eabi/13.3.1/../../../../arm-none-eabi/lib/thumb/v7e-m+fp/hard\libc_nano.a(libc_a-mlock.o)
                0x08011218                __malloc_lock
 .text.__malloc_unlock
                0x08011224        0xc C:/ST/STM32CubeIDE_1.19.0/STM32CubeIDE/plugins/com.st.stm32cube.ide.mcu.externaltools.gnu-tools-for-stm32.13.3.rel1.win32_1.0.0.202411081344/tools/bin/../lib/gcc/arm-none-eabi/13.3.1/../../../../arm-none-eabi/lib/thumb/v7e-m+fp/hard\libc_nano.a(libc_a-mlock.o)
                0x08011224                __malloc_unlock
 .text._Balloc  0x08011230       0x80 C:/ST/STM32CubeIDE_1.19.0/STM32CubeIDE/plugins/com.st.stm32cube.ide.mcu.externaltools.gnu-tools-for-stm32.13.3.rel1.win32_1.0.0.202411081344/tools/bin/../lib/gcc/arm-none-eabi/13.3.1/../../../../arm-none-eabi/lib/thumb/v7e-m+fp/hard\libc_nano.a(libc_a-mprec.o)
                0x08011230                _Balloc