../Core/Src/main.c:179:7:radians	16	static
../Core/Src/main.c:183:9:degrees	16	static
../Core/Src/main.c:187:8:map	24	static
../Core/Src/main.c:192:9:constrain	24	static
../Core/Src/main.c:209:6:BNO055_init	32	static
../Core/Src/main.c:223:8:normalise_angle	16	static
../Core/Src/main.c:234:7:decode_buttons	16	static
../Core/Src/main.c:284:7:motor1	16	static
../Core/Src/main.c:300:7:motor2	16	static
../Core/Src/main.c:316:7:motor3	16	static
../Core/Src/main.c:338:5:main	8	static
../Core/Src/main.c:466:6:SystemClock_Config	88	static
../Core/Src/main.c:512:13:MX_CAN1_Init	8	static
../Core/Src/main.c:549:13:MX_I2C2_Init	8	static
../Core/Src/main.c:583:13:MX_TIM1_Init	56	static
../Core/Src/main.c:633:13:MX_TIM2_Init	56	static
../Core/Src/main.c:682:13:MX_TIM3_Init	64	static
../Core/Src/main.c:753:13:MX_TIM4_Init	56	static
../Core/Src/main.c:802:13:MX_TIM5_Init	32	static
../Core/Src/main.c:847:13:MX_TIM9_Init	56	static
../Core/Src/main.c:903:13:MX_GPIO_Init	32	static
../Core/Src/main.c:925:6:HAL_CAN_RxFifo0MsgPendingCallback	16	static
../Core/Src/main.c:946:6:StartIMUTask	56	static
../Core/Src/main.c:983:6:StartCANTask	16	static
../Core/Src/main.c:1006:6:StartpidTask	48	static
../Core/Src/main.c:1051:6:StartmotorTask	64	static
../Core/Src/main.c:1089:6:StartprintTask	112	static
../Core/Src/main.c:1116:6:HAL_TIM_PeriodElapsedCallback	16	static
../Core/Src/main.c:1134:6:Error_Handler	4	static,ignoring_inline_asm
